Component: ARM Compiler 5.06 update 5 (build 528) Tool: armlink [4d35e2]

==============================================================================

Section Cross References

    main.o(i.main) refers to misc.o(i.NVIC_PriorityGroupConfig) for NVIC_PriorityGroupConfig
    main.o(i.main) refers to delay.o(i.delay_init) for delay_init
    main.o(i.main) refers to usart.o(i.uart_init) for uart_init
    main.o(i.main) refers to led.o(i.LED_Init) for LED_Init
    main.o(i.main) refers to mavlink_usart_fifo.o(i.fifo_init) for fifo_init
    main.o(i.main) refers to open_tel_mavlink.o(i.mavlink_send_message) for mavlink_send_message
    main.o(i.main) refers to open_tel_mavlink.o(i.update) for update
    main.o(i.main) refers to mavlink_usart_fifo.o(.bss) for uart_tx_buf
    main.o(i.main) refers to main.o(.data) for mavlink_system
    system_stm32f4xx.o(i.SystemCoreClockUpdate) refers to system_stm32f4xx.o(.data) for SystemCoreClock
    system_stm32f4xx.o(i.SystemInit) refers to system_stm32f4xx.o(i.SetSysClock) for SetSysClock
    led.o(i.LED_Init) refers to stm32f4xx_rcc.o(i.RCC_AHB1PeriphClockCmd) for RCC_AHB1PeriphClockCmd
    led.o(i.LED_Init) refers to stm32f4xx_gpio.o(i.GPIO_Init) for GPIO_Init
    led.o(i.LED_Init) refers to stm32f4xx_gpio.o(i.GPIO_SetBits) for GPIO_SetBits
    delay.o(i.delay_init) refers to misc.o(i.SysTick_CLKSourceConfig) for SysTick_CLKSourceConfig
    delay.o(i.delay_init) refers to delay.o(.data) for fac_us
    delay.o(i.delay_ms) refers to delay.o(i.delay_xms) for delay_xms
    delay.o(i.delay_us) refers to delay.o(.data) for fac_us
    delay.o(i.delay_xms) refers to delay.o(.data) for fac_ms
    usart.o(.rev16_text) refers (Special) to use_no_semi_2.o(.text) for __use_no_semihosting
    usart.o(.revsh_text) refers (Special) to use_no_semi_2.o(.text) for __use_no_semihosting
    usart.o(i._sys_exit) refers (Special) to use_no_semi_2.o(.text) for __use_no_semihosting
    usart.o(i.fputc) refers (Special) to use_no_semi_2.o(.text) for __use_no_semihosting
    usart.o(i.uart_init) refers (Special) to use_no_semi_2.o(.text) for __use_no_semihosting
    usart.o(i.uart_init) refers to stm32f4xx_rcc.o(i.RCC_AHB1PeriphClockCmd) for RCC_AHB1PeriphClockCmd
    usart.o(i.uart_init) refers to stm32f4xx_rcc.o(i.RCC_APB2PeriphClockCmd) for RCC_APB2PeriphClockCmd
    usart.o(i.uart_init) refers to stm32f4xx_gpio.o(i.GPIO_PinAFConfig) for GPIO_PinAFConfig
    usart.o(i.uart_init) refers to stm32f4xx_gpio.o(i.GPIO_Init) for GPIO_Init
    usart.o(i.uart_init) refers to stm32f4xx_usart.o(i.USART_Init) for USART_Init
    usart.o(i.uart_init) refers to stm32f4xx_usart.o(i.USART_Cmd) for USART_Cmd
    usart.o(i.uart_init) refers to stm32f4xx_usart.o(i.USART_ITConfig) for USART_ITConfig
    usart.o(i.uart_init) refers to misc.o(i.NVIC_Init) for NVIC_Init
    usart.o(.bss) refers (Special) to use_no_semi_2.o(.text) for __use_no_semihosting
    usart.o(.data) refers (Special) to use_no_semi_2.o(.text) for __use_no_semihosting
    startup_stm32f40_41xxx.o(STACK) refers (Special) to heapauxi.o(.text) for __use_two_region_memory
    startup_stm32f40_41xxx.o(HEAP) refers (Special) to heapauxi.o(.text) for __use_two_region_memory
    startup_stm32f40_41xxx.o(RESET) refers (Special) to heapauxi.o(.text) for __use_two_region_memory
    startup_stm32f40_41xxx.o(RESET) refers to startup_stm32f40_41xxx.o(STACK) for __initial_sp
    startup_stm32f40_41xxx.o(RESET) refers to startup_stm32f40_41xxx.o(.text) for Reset_Handler
    startup_stm32f40_41xxx.o(RESET) refers to stm32f4xx_it.o(i.NMI_Handler) for NMI_Handler
    startup_stm32f40_41xxx.o(RESET) refers to stm32f4xx_it.o(i.HardFault_Handler) for HardFault_Handler
    startup_stm32f40_41xxx.o(RESET) refers to stm32f4xx_it.o(i.MemManage_Handler) for MemManage_Handler
    startup_stm32f40_41xxx.o(RESET) refers to stm32f4xx_it.o(i.BusFault_Handler) for BusFault_Handler
    startup_stm32f40_41xxx.o(RESET) refers to stm32f4xx_it.o(i.UsageFault_Handler) for UsageFault_Handler
    startup_stm32f40_41xxx.o(RESET) refers to stm32f4xx_it.o(i.SVC_Handler) for SVC_Handler
    startup_stm32f40_41xxx.o(RESET) refers to stm32f4xx_it.o(i.DebugMon_Handler) for DebugMon_Handler
    startup_stm32f40_41xxx.o(RESET) refers to stm32f4xx_it.o(i.PendSV_Handler) for PendSV_Handler
    startup_stm32f40_41xxx.o(RESET) refers to stm32f4xx_it.o(i.SysTick_Handler) for SysTick_Handler
    startup_stm32f40_41xxx.o(RESET) refers to mavlink_usart_fifo.o(i.USART1_IRQHandler) for USART1_IRQHandler
    startup_stm32f40_41xxx.o(.text) refers (Special) to heapauxi.o(.text) for __use_two_region_memory
    startup_stm32f40_41xxx.o(.text) refers to system_stm32f4xx.o(i.SystemInit) for SystemInit
    startup_stm32f40_41xxx.o(.text) refers to __main.o(!!!main) for __main
    startup_stm32f40_41xxx.o(.text) refers to startup_stm32f40_41xxx.o(HEAP) for Heap_Mem
    startup_stm32f40_41xxx.o(.text) refers to startup_stm32f40_41xxx.o(STACK) for Stack_Mem
[...]
    libinit.o(.ARM.Collect$$libinit$$00000000) refers (Special) to libinit2.o(.ARM.Collect$$libinit$$00000004) for __rt_lib_init_preinit_1
    libinit.o(.ARM.Collect$$libinit$$00000000) refers (Special) to libinit2.o(.ARM.Collect$$libinit$$0000000E) for __rt_lib_init_rand_1
    libinit.o(.ARM.Collect$$libinit$$00000000) refers (Special) to libinit2.o(.ARM.Collect$$libinit$$00000033) for __rt_lib_init_return
    libinit.o(.ARM.Collect$$libinit$$00000000) refers (Special) to libinit2.o(.ARM.Collect$$libinit$$0000001D) for __rt_lib_init_signal_1
    libinit.o(.ARM.Collect$$libinit$$00000000) refers (Special) to libinit2.o(.ARM.Collect$$libinit$$00000025) for __rt_lib_init_stdio_1
    libinit.o(.ARM.Collect$$libinit$$00000000) refers (Special) to libinit2.o(.ARM.Collect$$libinit$$0000000C) for __rt_lib_init_user_alloc_1
    libspace.o(.text) refers to libspace.o(.bss) for __libspace_start
    rtexit.o(.ARM.Collect$$rtexit$$00000000) refers (Special) to rtexit2.o(.ARM.Collect$$rtexit$$00000004) for __rt_exit_exit
    rtexit.o(.ARM.Collect$$rtexit$$00000000) refers (Special) to rtexit2.o(.ARM.Collect$$rtexit$$00000003) for __rt_exit_ls
    rtexit.o(.ARM.Collect$$rtexit$$00000000) refers (Special) to rtexit2.o(.ARM.Collect$$rtexit$$00000002) for __rt_exit_prels_1
    rtexit.o(.ARM.exidx) refers (Special) to rtexit2.o(.ARM.Collect$$rtexit$$00000004) for __rt_exit_exit
    rtexit.o(.ARM.exidx) refers (Special) to rtexit2.o(.ARM.Collect$$rtexit$$00000003) for __rt_exit_ls
    rtexit.o(.ARM.exidx) refers (Special) to rtexit2.o(.ARM.Collect$$rtexit$$00000002) for __rt_exit_prels_1
    rtexit.o(.ARM.exidx) refers to rtexit.o(.ARM.Collect$$rtexit$$00000000) for .ARM.Collect$$rtexit$$00000000
    libinit2.o(.ARM.Collect$$libinit$$00000001) refers to fpinit.o(x$fpl$fpinit) for _fp_init
    libinit2.o(.ARM.Collect$$libinit$$00000010) refers to libinit2.o(.ARM.Collect$$libinit$$0000000F) for .ARM.Collect$$libinit$$0000000F
    libinit2.o(.ARM.Collect$$libinit$$00000012) refers to libinit2.o(.ARM.Collect$$libinit$$0000000F) for .ARM.Collect$$libinit$$0000000F
    libinit2.o(.ARM.Collect$$libinit$$00000014) refers to libinit2.o(.ARM.Collect$$libinit$$0000000F) for .ARM.Collect$$libinit$$0000000F
    libinit2.o(.ARM.Collect$$libinit$$00000016) refers to libinit2.o(.ARM.Collect$$libinit$$0000000F) for .ARM.Collect$$libinit$$0000000F
    libinit2.o(.ARM.Collect$$libinit$$00000018) refers to libinit2.o(.ARM.Collect$$libinit$$0000000F) for .ARM.Collect$$libinit$$0000000F
    libinit2.o(.ARM.Collect$$libinit$$00000026) refers to argv_veneer.o(.emb_text) for __ARM_argv_veneer
    libinit2.o(.ARM.Collect$$libinit$$00000027) refers to argv_veneer.o(.emb_text) for __ARM_argv_veneer
    rtexit2.o(.ARM.Collect$$rtexit$$00000003) refers to libshutdown.o(.ARM.Collect$$libshutdown$$00000000) for __rt_lib_shutdown
    rtexit2.o(.ARM.Collect$$rtexit$$00000004) refers to usart.o(i._sys_exit) for _sys_exit
    rtexit2.o(.ARM.exidx) refers to rtexit2.o(.ARM.Collect$$rtexit$$00000001) for .ARM.Collect$$rtexit$$00000001
    rtexit2.o(.ARM.exidx) refers to rtexit2.o(.ARM.Collect$$rtexit$$00000003) for .ARM.Collect$$rtexit$$00000003
    rtexit2.o(.ARM.exidx) refers to rtexit2.o(.ARM.Collect$$rtexit$$00000004) for .ARM.Collect$$rtexit$$00000004
    argv_veneer.o(.emb_text) refers to no_argv.o(.text) for __ARM_get_argv
    _get_argv_nomalloc.o(.text) refers (Special) to hrguard.o(.text) for __heap_region$guard
    _get_argv_nomalloc.o(.text) refers to defsig_rtmem_outer.o(.text) for __rt_SIGRTMEM
    _get_argv_nomalloc.o(.text) refers to sys_command.o(.text) for _sys_command_string
    libshutdown.o(.ARM.Collect$$libshutdown$$00000000) refers (Special) to libshutdown2.o(.ARM.Collect$$libshutdown$$00000002) for __rt_lib_shutdown_cpp_1
    libshutdown.o(.ARM.Collect$$libshutdown$$00000000) refers (Special) to libshutdown2.o(.ARM.Collect$$libshutdown$$00000007) for __rt_lib_shutdown_fp_trap_1
    libshutdown.o(.ARM.Collect$$libshutdown$$00000000) refers (Special) to libshutdown2.o(.ARM.Collect$$libshutdown$$0000000F) for __rt_lib_shutdown_heap_1
    libshutdown.o(.ARM.Collect$$libshutdown$$00000000) refers (Special) to libshutdown2.o(.ARM.Collect$$libshutdown$$00000010) for __rt_lib_shutdown_return
    libshutdown.o(.ARM.Collect$$libshutdown$$00000000) refers (Special) to libshutdown2.o(.ARM.Collect$$libshutdown$$0000000A) for __rt_lib_shutdown_signal_1
    libshutdown.o(.ARM.Collect$$libshutdown$$00000000) refers (Special) to libshutdown2.o(.ARM.Collect$$libshutdown$$00000004) for __rt_lib_shutdown_stdio_1
    libshutdown.o(.ARM.Collect$$libshutdown$$00000000) refers (Special) to libshutdown2.o(.ARM.Collect$$libshutdown$$0000000C) for __rt_lib_shutdown_user_alloc_1
    sys_command.o(.text) refers (Special) to use_no_semi.o(.text) for __I$use$semihosting
    sys_command.o(.text) refers (Special) to indicate_semi.o(.text) for __semihosting_library_function
    defsig_rtmem_outer.o(.text) refers to defsig_rtmem_inner.o(.text) for __rt_SIGRTMEM_inner
    defsig_rtmem_outer.o(.text) refers to defsig_exit.o(.text) for __sig_exit
    defsig_rtmem_formal.o(.text) refers to rt_raise.o(.text) for __rt_raise
    rt_raise.o(.text) refers to __raise.o(.text) for __raise
    rt_raise.o(.text) refers to usart.o(i._sys_exit) for _sys_exit
    defsig_exit.o(.text) refers to usart.o(i._sys_exit) for _sys_exit
    defsig_rtmem_inner.o(.text) refers to defsig_general.o(.text) for __default_signal_display
    __raise.o(.text) refers to defsig.o(CL$$defsig) for __default_signal_handler
    defsig_general.o(.text) refers to sys_wrch.o(.text) for _ttywrch
    sys_wrch.o(.text) refers (Special) to use_no_semi.o(.text) for __I$use$semihosting
    sys_wrch.o(.text) refers (Special) to indicate_semi.o(.text) for __semihosting_library_function
    defsig.o(CL$$defsig) refers to defsig_rtmem_inner.o(.text) for __rt_SIGRTMEM_inner
    defsig_abrt_inner.o(.text) refers to defsig_general.o(.text) for __default_signal_display
    defsig_fpe_inner.o(.text) refers to defsig_general.o(.text) for __default_signal_display
    defsig_rtred_inner.o(.text) refers to defsig_general.o(.text) for __default_signal_display
    defsig_stak_inner.o(.text) refers to defsig_general.o(.text) for __default_signal_display
    defsig_pvfn_inner.o(.text) refers to defsig_general.o(.text) for __default_signal_display
    defsig_cppl_inner.o(.text) refers to defsig_general.o(.text) for __default_signal_display
    defsig_segv_inner.o(.text) refers to defsig_general.o(.text) for __default_signal_display
    defsig_other.o(.text) refers to defsig_general.o(.text) for __default_signal_display


==============================================================================

Removing Unused input sections from the image.

    Removing main.o(.rev16_text), (4 bytes).
    Removing main.o(.revsh_text), (4 bytes).
    Removing stm32f4xx_it.o(.rev16_text), (4 bytes).
    Removing stm32f4xx_it.o(.revsh_text), (4 bytes).
    Removing system_stm32f4xx.o(.rev16_text), (4 bytes).
    Removing system_stm32f4xx.o(.revsh_text), (4 bytes).
    Removing system_stm32f4xx.o(i.SystemCoreClockUpdate), (192 bytes).
    Removing system_stm32f4xx.o(.data), (20 bytes).
    Removing led.o(.rev16_text), (4 bytes).
    Removing led.o(.revsh_text), (4 bytes).
    Removing delay.o(.rev16_text), (4 bytes).
    Removing delay.o(.revsh_text), (4 bytes).
    Removing delay.o(i.delay_ms), (56 bytes).
    Removing delay.o(i.delay_us), (76 bytes).
    Removing delay.o(i.delay_xms), (76 bytes).
    Removing sys.o(.rev16_text), (4 bytes).
    Removing sys.o(.revsh_text), (4 bytes).
    Removing sys.o(.emb_text), (16 bytes).
    Removing usart.o(.rev16_text), (4 bytes).
    Removing usart.o(.revsh_text), (4 bytes).
    Removing usart.o(.bss), (200 bytes).
    Removing misc.o(.rev16_text), (4 bytes).
    Removing misc.o(.revsh_text), (4 bytes).
    Removing misc.o(i.NVIC_SetVectorTable), (20 bytes).
    Removing misc.o(i.NVIC_SystemLPConfig), (32 bytes).
    Removing stm32f4xx_gpio.o(.rev16_text), (4 bytes).
    Removing stm32f4xx_gpio.o(.revsh_text), (4 bytes).
    Removing stm32f4xx_gpio.o(i.GPIO_DeInit), (312 bytes).
    Removing stm32f4xx_gpio.o(i.GPIO_PinLockConfig), (34 bytes).
    Removing stm32f4xx_gpio.o(i.GPIO_ReadInputData), (8 bytes).
    Removing stm32f4xx_gpio.o(i.GPIO_ReadInputDataBit), (18 bytes).
    Removing stm32f4xx_gpio.o(i.GPIO_ReadOutputData), (8 bytes).
    Removing stm32f4xx_gpio.o(i.GPIO_ReadOutputDataBit), (18 bytes).
    Removing stm32f4xx_gpio.o(i.GPIO_ResetBits), (4 bytes).
    Removing stm32f4xx_gpio.o(i.GPIO_StructInit), (18 bytes).
    Removing stm32f4xx_gpio.o(i.GPIO_ToggleBits), (8 bytes).
    Removing stm32f4xx_gpio.o(i.GPIO_Write), (4 bytes).
    Removing stm32f4xx_gpio.o(i.GPIO_WriteBit), (10 bytes).
    Removing stm32f4xx_rcc.o(.rev16_text), (4 bytes).
    Removing stm32f4xx_rcc.o(.revsh_text), (4 bytes).
    Removing stm32f4xx_rcc.o(i.RCC_AHB1PeriphClockLPModeCmd), (32 bytes).
    Removing stm32f4xx_rcc.o(i.RCC_AHB1PeriphResetCmd), (32 bytes).
    Removing stm32f4xx_rcc.o(i.RCC_AHB2PeriphClockCmd), (32 bytes).
    Removing stm32f4xx_rcc.o(i.RCC_AHB2PeriphClockLPModeCmd), (32 bytes).
    Removing stm32f4xx_rcc.o(i.RCC_AHB2PeriphResetCmd), (32 bytes).
    Removing stm32f4xx_rcc.o(i.RCC_AHB3PeriphClockCmd), (32 bytes).
    Removing stm32f4xx_rcc.o(i.RCC_AHB3PeriphClockLPModeCmd), (32 bytes).
    Removing stm32f4xx_rcc.o(i.RCC_AHB3PeriphResetCmd), (32 bytes).
    Removing stm32f4xx_rcc.o(i.RCC_APB1PeriphClockCmd), (32 bytes).
    Removing stm32f4xx_rcc.o(i.RCC_APB1PeriphClockLPModeCmd), (32 bytes).
    Removing stm32f4xx_rcc.o(i.RCC_APB1PeriphResetCmd), (32 bytes).
    Removing stm32f4xx_rcc.o(i.RCC_APB2PeriphClockLPModeCmd), (32 bytes).
    Removing stm32f4xx_rcc.o(i.RCC_APB2PeriphResetCmd), (32 bytes).
    Removing stm32f4xx_rcc.o(i.RCC_AdjustHSICalibrationValue), (24 bytes).
    Removing stm32f4xx_rcc.o(i.RCC_BackupResetCmd), (12 bytes).
    Removing stm32f4xx_rcc.o(i.RCC_ClearFlag), (20 bytes).
    Removing stm32f4xx_rcc.o(i.RCC_ClearITPendingBit), (12 bytes).
    Removing stm32f4xx_rcc.o(i.RCC_ClockSecuritySystemCmd), (12 bytes).
    Removing stm32f4xx_rcc.o(i.RCC_DeInit), (100 bytes).
    Removing stm32f4xx_rcc.o(i.RCC_GetFlagStatus), (64 bytes).
    Removing stm32f4xx_rcc.o(i.RCC_GetITStatus), (24 bytes).
    Removing stm32f4xx_rcc.o(i.RCC_GetSYSCLKSource), (16 bytes).
    Removing stm32f4xx_rcc.o(i.RCC_HCLKConfig), (24 bytes).
    Removing stm32f4xx_rcc.o(i.RCC_HSEConfig), (16 bytes).
    Removing stm32f4xx_rcc.o(i.RCC_HSICmd), (12 bytes).
    Removing stm32f4xx_rcc.o(i.RCC_I2SCLKConfig), (12 bytes).
    Removing stm32f4xx_rcc.o(i.RCC_ITConfig), (32 bytes).
    Removing stm32f4xx_rcc.o(i.RCC_LSEConfig), (44 bytes).
    Removing stm32f4xx_rcc.o(i.RCC_LSEModeConfig), (36 bytes).
    Removing stm32f4xx_rcc.o(i.RCC_LSICmd), (12 bytes).
    Removing stm32f4xx_rcc.o(i.RCC_LTDCCLKDivConfig), (24 bytes).
    Removing stm32f4xx_rcc.o(i.RCC_MCO1Config), (28 bytes).
    Removing stm32f4xx_rcc.o(i.RCC_MCO2Config), (28 bytes).
    Removing stm32f4xx_rcc.o(i.RCC_PCLK1Config), (24 bytes).
    Removing stm32f4xx_rcc.o(i.RCC_PCLK2Config), (24 bytes).
    Removing stm32f4xx_rcc.o(i.RCC_PLLCmd), (12 bytes).
    Removing stm32f4xx_rcc.o(i.RCC_PLLConfig), (36 bytes).
    Removing stm32f4xx_rcc.o(i.RCC_PLLI2SCmd), (12 bytes).
    Removing stm32f4xx_rcc.o(i.RCC_PLLI2SConfig), (16 bytes).
    Removing stm32f4xx_rcc.o(i.RCC_PLLSAICmd), (12 bytes).
    Removing stm32f4xx_rcc.o(i.RCC_PLLSAIConfig), (24 bytes).
    Removing stm32f4xx_rcc.o(i.RCC_RTCCLKCmd), (12 bytes).
    Removing stm32f4xx_rcc.o(i.RCC_RTCCLKConfig), (60 bytes).
    Removing stm32f4xx_rcc.o(i.RCC_SAIBlockACLKConfig), (24 bytes).
    Removing stm32f4xx_rcc.o(i.RCC_SAIBlockBCLKConfig), (24 bytes).
    Removing stm32f4xx_rcc.o(i.RCC_SAIPLLI2SClkDivConfig), (28 bytes).
    Removing stm32f4xx_rcc.o(i.RCC_SAIPLLSAIClkDivConfig), (28 bytes).
    Removing stm32f4xx_rcc.o(i.RCC_SYSCLKConfig), (24 bytes).
    Removing stm32f4xx_rcc.o(i.RCC_TIMCLKPresConfig), (12 bytes).
    Removing stm32f4xx_rcc.o(i.RCC_WaitForHSEStartUp), (56 bytes).
    Removing stm32f4xx_syscfg.o(.rev16_text), (4 bytes).
    Removing stm32f4xx_syscfg.o(.revsh_text), (4 bytes).
    Removing stm32f4xx_syscfg.o(i.SYSCFG_CompensationCellCmd), (12 bytes).
    Removing stm32f4xx_syscfg.o(i.SYSCFG_DeInit), (22 bytes).
    Removing stm32f4xx_syscfg.o(i.SYSCFG_ETH_MediaInterfaceConfig), (12 bytes).
    Removing stm32f4xx_syscfg.o(i.SYSCFG_EXTILineConfig), (64 bytes).
    Removing stm32f4xx_syscfg.o(i.SYSCFG_GetCompensationCellStatus), (24 bytes).
    Removing stm32f4xx_syscfg.o(i.SYSCFG_MemoryRemapConfig), (12 bytes).
    Removing stm32f4xx_syscfg.o(i.SYSCFG_MemorySwappingBank), (12 bytes).
    Removing stm32f4xx_usart.o(.rev16_text), (4 bytes).
    Removing stm32f4xx_usart.o(.revsh_text), (4 bytes).
    Removing stm32f4xx_usart.o(i.USART_ClearFlag), (18 bytes).
    Removing stm32f4xx_usart.o(i.USART_ClearITPendingBit), (30 bytes).
    Removing stm32f4xx_usart.o(i.USART_ClockInit), (32 bytes).
    Removing stm32f4xx_usart.o(i.USART_ClockStructInit), (12 bytes).
    Removing stm32f4xx_usart.o(i.USART_DMACmd), (18 bytes).
    Removing stm32f4xx_usart.o(i.USART_DeInit), (240 bytes).
    Removing stm32f4xx_usart.o(i.USART_GetFlagStatus), (26 bytes).
    Removing stm32f4xx_usart.o(i.USART_HalfDuplexCmd), (24 bytes).
    Removing stm32f4xx_usart.o(i.USART_IrDACmd), (24 bytes).
    Removing stm32f4xx_usart.o(i.USART_IrDAConfig), (18 bytes).
    Removing stm32f4xx_usart.o(i.USART_LINBreakDetectLengthConfig), (18 bytes).
    Removing stm32f4xx_usart.o(i.USART_LINCmd), (24 bytes).
    Removing stm32f4xx_usart.o(i.USART_OneBitMethodCmd), (24 bytes).
    Removing stm32f4xx_usart.o(i.USART_OverSampling8Cmd), (22 bytes).
    Removing stm32f4xx_usart.o(i.USART_ReceiverWakeUpCmd), (24 bytes).
    Removing stm32f4xx_usart.o(i.USART_SendBreak), (10 bytes).
    Removing stm32f4xx_usart.o(i.USART_SetAddress), (18 bytes).
    Removing stm32f4xx_usart.o(i.USART_SetGuardTime), (16 bytes).
    Removing stm32f4xx_usart.o(i.USART_SetPrescaler), (16 bytes).
    Removing stm32f4xx_usart.o(i.USART_SmartCardCmd), (24 bytes).
    Removing stm32f4xx_usart.o(i.USART_SmartCardNACKCmd), (24 bytes).
    Removing stm32f4xx_usart.o(i.USART_StructInit), (24 bytes).
    Removing stm32f4xx_usart.o(i.USART_WakeUpConfig), (18 bytes).
    Removing mavlink_usart_fifo.o(.rev16_text), (4 bytes).
    Removing mavlink_usart_fifo.o(.revsh_text), (4 bytes).
    Removing open_tel_mavlink.o(i.mav_array_memcpy), (32 bytes).
    Removing open_tel_mavlink.o(i.mavlink_send_text), (104 bytes).

128 unused section(s) (total 3628 bytes) removed from the image.

==============================================================================

Image Symbol Table

    Local Symbols

    Symbol Name                              Value     Ov Type        Size  Object(Section)

    ../clib/angel/boardlib.s                 0x00000000   Number         0  boardshut.o ABSOLUTE
    ../clib/angel/boardlib.s                 0x00000000   Number         0  boardinit2.o ABSOLUTE
    ../clib/angel/boardlib.s                 0x00000000   Number         0  boardinit1.o ABSOLUTE
    ../clib/angel/boardlib.s                 0x00000000   Number         0  boardinit3.o ABSOLUTE
    ../clib/angel/handlers.s                 0x00000000   Number         0  __scatter_copy.o ABSOLUTE
    ../clib/angel/handlers.s                 0x00000000   Number         0  __scatter_zi.o ABSOLUTE
    ../clib/angel/kernel.s                   0x00000000   Number         0  __rtentry2.o ABSOLUTE
    ../clib/angel/kernel.s                   0x00000000   Number         0  rtexit.o ABSOLUTE
    ../clib/angel/kernel.s                   0x00000000   Number         0  rtexit2.o ABSOLUTE
    ../clib/angel/kernel.s                   0x00000000   Number         0  __rtentry4.o ABSOLUTE
    ../clib/angel/kernel.s                   0x00000000   Number         0  __rtentry.o ABSOLUTE
    ../clib/angel/rt.s                       0x00000000   Number         0  rt_raise.o ABSOLUTE
    ../clib/angel/scatter.s                  0x00000000   Number         0  __scatter.o ABSOLUTE
    ../clib/angel/startup.s                  0x00000000   Number         0  __main.o ABSOLUTE
    ../clib/angel/sys.s                      0x00000000   Number         0  indicate_semi.o ABSOLUTE
    ../clib/angel/sys.s                      0x00000000   Number         0  use_no_semi_2.o ABSOLUTE
    ../clib/angel/sys.s                      0x00000000   Number         0  libspace.o ABSOLUTE
    ../clib/angel/sys.s                      0x00000000   Number         0  sys_stackheap_outer.o ABSOLUTE
    ../clib/angel/sys.s                      0x00000000   Number         0  use_no_semi.o ABSOLUTE
    ../clib/angel/sysapp.c                   0x00000000   Number         0  sys_wrch.o ABSOLUTE
    ../clib/angel/sysapp.c                   0x00000000   Number         0  sys_command.o ABSOLUTE
    ../clib/armsys.c                         0x00000000   Number         0  argv_veneer.o ABSOLUTE
    ../clib/armsys.c                         0x00000000   Number         0  no_argv.o ABSOLUTE
    ../clib/armsys.c                         0x00000000   Number         0  _get_argv_nomalloc.o ABSOLUTE
    ../clib/armsys.c                         0x00000000   Number         0  argv_veneer.o ABSOLUTE
    ../clib/heapalloc.c                      0x00000000   Number         0  hrguard.o ABSOLUTE
    ../clib/heapaux.c                        0x00000000   Number         0  heapauxi.o ABSOLUTE
    ../clib/libinit.s                        0x00000000   Number         0  libinit.o ABSOLUTE
    ../clib/libinit.s                        0x00000000   Number         0  libshutdown2.o ABSOLUTE
    ../clib/libinit.s                        0x00000000   Number         0  libinit2.o ABSOLUTE
    ../clib/libinit.s                        0x00000000   Number         0  libshutdown.o ABSOLUTE
    ../clib/memcpset.s                       0x00000000   Number         0  rt_memcpy_w.o ABSOLUTE
    ../clib/memcpset.s                       0x00000000   Number         0  rt_memcpy_v6.o ABSOLUTE
    ../clib/memcpset.s                       0x00000000   Number         0  rt_memclr_w.o ABSOLUTE
    ../clib/memcpset.s                       0x00000000   Number         0  rt_memclr.o ABSOLUTE
    ../clib/printf.c                         0x00000000   Number         0  __printf_ss.o ABSOLUTE
    ../clib/printf.c                         0x00000000   Number         0  __2printf.o ABSOLUTE
    ../clib/printf.c                         0x00000000   Number         0  noretval__2printf.o ABSOLUTE
    ../clib/printf.c                         0x00000000   Number         0  __printf.o ABSOLUTE
    ../clib/printf.c                         0x00000000   Number         0  _printf_dec.o ABSOLUTE
    ../clib/printf.c                         0x00000000   Number         0  _printf_intcommon.o ABSOLUTE
    ../clib/printf.c                         0x00000000   Number         0  __printf_flags.o ABSOLUTE
    ../clib/printf.c                         0x00000000   Number         0  _printf_char_file.o ABSOLUTE
    ../clib/printf.c                         0x00000000   Number         0  __printf_ss_wp.o ABSOLUTE
    ../clib/printf.c                         0x00000000   Number         0  __printf_flags_ss_wp.o ABSOLUTE
    ../clib/printf.c                         0x00000000   Number         0  __printf_nopercent.o ABSOLUTE
    ../clib/printf.c                         0x00000000   Number         0  __printf_flags_ss.o ABSOLUTE
    ../clib/printf.c                         0x00000000   Number         0  _printf_char_common.o ABSOLUTE
    ../clib/printf.c                         0x00000000   Number         0  __printf_wp.o ABSOLUTE
    ../clib/printf.c                         0x00000000   Number         0  __printf_flags_wp.o ABSOLUTE
    ../clib/printf_percent.s                 0x00000000   Number         0  _printf_percent_end.o ABSOLUTE
    ../clib/printf_percent.s                 0x00000000   Number         0  _printf_percent.o ABSOLUTE
    ../clib/printf_percent.s                 0x00000000   Number         0  _printf_d.o ABSOLUTE
    ../clib/signal.c                         0x00000000   Number         0  defsig_rtmem_formal.o ABSOLUTE
    ../clib/signal.c                         0x00000000   Number         0  defsig_rtmem_outer.o ABSOLUTE
    ../clib/signal.c                         0x00000000   Number         0  defsig_exit.o ABSOLUTE
    ../clib/signal.c                         0x00000000   Number         0  defsig_abrt_inner.o ABSOLUTE
    ../clib/signal.c                         0x00000000   Number         0  defsig_fpe_inner.o ABSOLUTE
    ../clib/signal.c                         0x00000000   Number         0  defsig_stak_inner.o ABSOLUTE
    ../clib/signal.c                         0x00000000   Number         0  defsig_pvfn_inner.o ABSOLUTE
    ../clib/signal.c                         0x00000000   Number         0  defsig_cppl_inner.o ABSOLUTE
    ../clib/signal.c                         0x00000000   Number         0  defsig_segv_inner.o ABSOLUTE
    ../clib/signal.c                         0x00000000   Number         0  defsig_other.o ABSOLUTE
    ../clib/signal.c                         0x00000000   Number         0  defsig_rtred_inner.o ABSOLUTE
    ../clib/signal.c                         0x00000000   Number         0  defsig_rtmem_inner.o ABSOLUTE
    ../clib/signal.c                         0x00000000   Number         0  __raise.o ABSOLUTE
    ../clib/signal.c                         0x00000000   Number         0  defsig_general.o ABSOLUTE
    ../clib/signal.s                         0x00000000   Number         0  defsig.o ABSOLUTE
    ../clib/stdio.c                          0x00000000   Number         0  ferror_locked.o ABSOLUTE
    ../clib/stdio.c                          0x00000000   Number         0  ferror.o ABSOLUTE
    ../clib/stdlib.c                         0x00000000   Number         0  exit.o ABSOLUTE
    ../fplib/fpinit.s                        0x00000000   Number         0  fpinit.o ABSOLUTE
    ..\CORE\startup_stm32f40_41xxx.s         0x00000000   Number         0  startup_stm32f40_41xxx.o ABSOLUTE
    ..\FWLIB\src\misc.c                      0x00000000   Number         0  misc.o ABSOLUTE
    ..\FWLIB\src\stm32f4xx_gpio.c            0x00000000   Number         0  stm32f4xx_gpio.o ABSOLUTE
    ..\FWLIB\src\stm32f4xx_rcc.c             0x00000000   Number         0  stm32f4xx_rcc.o ABSOLUTE
    ..\FWLIB\src\stm32f4xx_syscfg.c          0x00000000   Number         0  stm32f4xx_syscfg.o ABSOLUTE
    ..\FWLIB\src\stm32f4xx_usart.c           0x00000000   Number         0  stm32f4xx_usart.o ABSOLUTE
    ..\HARDWARE\LED\led.c                    0x00000000   Number         0  led.o ABSOLUTE
    ..\SYSTEM\delay\delay.c                  0x00000000   Number         0  delay.o ABSOLUTE
    ..\SYSTEM\sys\sys.c                      0x00000000   Number         0  sys.o ABSOLUTE
    ..\SYSTEM\usart\usart.c                  0x00000000   Number         0  usart.o ABSOLUTE
    ..\\FWLIB\\src\\misc.c                   0x00000000   Number         0  misc.o ABSOLUTE
    ..\\FWLIB\\src\\stm32f4xx_gpio.c         0x00000000   Number         0  stm32f4xx_gpio.o ABSOLUTE
    ..\\FWLIB\\src\\stm32f4xx_rcc.c          0x00000000   Number         0  stm32f4xx_rcc.o ABSOLUTE
    ..\\FWLIB\\src\\stm32f4xx_syscfg.c       0x00000000   Number         0  stm32f4xx_syscfg.o ABSOLUTE
    ..\\FWLIB\\src\\stm32f4xx_usart.c        0x00000000   Number         0  stm32f4xx_usart.o ABSOLUTE
    ..\\HARDWARE\\LED\\led.c                 0x00000000   Number         0  led.o ABSOLUTE
    ..\\SYSTEM\\delay\\delay.c               0x00000000   Number         0  delay.o ABSOLUTE
    ..\\SYSTEM\\sys\\sys.c                   0x00000000   Number         0  sys.o ABSOLUTE
    ..\\SYSTEM\\usart\\usart.c               0x00000000   Number         0  usart.o ABSOLUTE
    ..\\mavlink\\mavlink_usart_fifo.c        0x00000000   Number         0  mavlink_usart_fifo.o ABSOLUTE
    ..\mavlink\mavlink_usart_fifo.c          0x00000000   Number         0  mavlink_usart_fifo.o ABSOLUTE
    ..\mavlink\open_tel_mavlink.c            0x00000000   Number         0  open_tel_mavlink.o ABSOLUTE
    dc.s                                     0x00000000   Number         0  dc.o ABSOLUTE
    main.c                                   0x00000000   Number         0  main.o ABSOLUTE
    main.c                                   0x00000000   Number         0  main.o ABSOLUTE
    stm32f4xx_it.c                           0x00000000   Number         0  stm32f4xx_it.o ABSOLUTE
    stm32f4xx_it.c                           0x00000000   Number         0  stm32f4xx_it.o ABSOLUTE
    system_stm32f4xx.c                       0x00000000   Number         0  system_stm32f4xx.o ABSOLUTE
    system_stm32f4xx.c                       0x00000000   Number         0  system_stm32f4xx.o ABSOLUTE
    RESET                                    0x08000000   Section      392  startup_stm32f40_41xxx.o(RESET)
    !!!main                                  0x08000188   Section        8  __main.o(!!!main)
    !!!scatter                               0x08000190   Section       52  __scatter.o(!!!scatter)
    !!handler_copy                           0x080001c4   Section       26  __scatter_copy.o(!!handler_copy)
    !!handler_zi                             0x080001e0   Section       28  __scatter_zi.o(!!handler_zi)
    .ARM.Collect$$_printf_percent$$00000000  0x080001fc   Section        0  _printf_percent.o(.ARM.Collect$$_printf_percent$$00000000)
    .ARM.Collect$$_printf_percent$$00000009  0x080001fc   Section        6  _printf_d.o(.ARM.Collect$$_printf_percent$$00000009)
    .ARM.Collect$$_printf_percent$$00000017  0x08000202   Section        4  _printf_percent_end.o(.ARM.Collect$$_printf_percent$$00000017)
    .ARM.Collect$$libinit$$00000000          0x08000206   Section        2  libinit.o(.ARM.Collect$$libinit$$00000000)
    .ARM.Collect$$libinit$$00000001          0x08000208   Section        4  libinit2.o(.ARM.Collect$$libinit$$00000001)
    .ARM.Collect$$libinit$$00000004          0x0800020c   Section        0  libinit2.o(.ARM.Collect$$libinit$$00000004)
    .ARM.Collect$$libinit$$0000000A          0x0800020c   Section        0  libinit2.o(.ARM.Collect$$libinit$$0000000A)
    .ARM.Collect$$libinit$$0000000C          0x0800020c   Section        0  libinit2.o(.ARM.Collect$$libinit$$0000000C)
    .ARM.Collect$$libinit$$0000000E          0x0800020c   Section        0  libinit2.o(.ARM.Collect$$libinit$$0000000E)
    .ARM.Collect$$libinit$$00000011          0x0800020c   Section        0  libinit2.o(.ARM.Collect$$libinit$$00000011)
    .ARM.Collect$$libinit$$00000013          0x0800020c   Section        0  libinit2.o(.ARM.Collect$$libinit$$00000013)
    .ARM.Collect$$libinit$$00000015          0x0800020c   Section        0  libinit2.o(.ARM.Collect$$libinit$$00000015)
    .ARM.Collect$$libinit$$00000017          0x0800020c   Section        0  libinit2.o(.ARM.Collect$$libinit$$00000017)
    .ARM.Collect$$libinit$$00000019          0x0800020c   Section        0  libinit2.o(.ARM.Collect$$libinit$$00000019)
    .ARM.Collect$$libinit$$0000001B          0x0800020c   Section        0  libinit2.o(.ARM.Collect$$libinit$$0000001B)
    .ARM.Collect$$libinit$$0000001D          0x0800020c   Section        0  libinit2.o(.ARM.Collect$$libinit$$0000001D)
    .ARM.Collect$$libinit$$0000001F          0x0800020c   Section        0  libinit2.o(.ARM.Collect$$libinit$$0000001F)
    .ARM.Collect$$libinit$$00000021          0x0800020c   Section        0  libinit2.o(.ARM.Collect$$libinit$$00000021)
    .ARM.Collect$$libinit$$00000023          0x0800020c   Section        0  libinit2.o(.ARM.Collect$$libinit$$00000023)
    .ARM.Collect$$libinit$$00000025          0x0800020c   Section        0  libinit2.o(.ARM.Collect$$libinit$$00000025)
    .ARM.Collect$$libinit$$0000002C          0x0800020c   Section        0  libinit2.o(.ARM.Collect$$libinit$$0000002C)
    .ARM.Collect$$libinit$$0000002E          0x0800020c   Section        0  libinit2.o(.ARM.Collect$$libinit$$0000002E)
    .ARM.Collect$$libinit$$00000030          0x0800020c   Section        0  libinit2.o(.ARM.Collect$$libinit$$00000030)
    .ARM.Collect$$libinit$$00000032          0x0800020c   Section        0  libinit2.o(.ARM.Collect$$libinit$$00000032)
    .ARM.Collect$$libinit$$00000033          0x0800020c   Section        2  libinit2.o(.ARM.Collect$$libinit$$00000033)
    .ARM.Collect$$libshutdown$$00000000      0x0800020e   Section        2  libshutdown.o(.ARM.Collect$$libshutdown$$00000000)
    .ARM.Collect$$libshutdown$$00000002      0x08000210   Section        0  libshutdown2.o(.ARM.Collect$$libshutdown$$00000002)
    .ARM.Collect$$libshutdown$$00000004      0x08000210   Section        0  libshutdown2.o(.ARM.Collect$$libshutdown$$00000004)
    .ARM.Collect$$libshutdown$$00000007      0x08000210   Section        0  libshutdown2.o(.ARM.Collect$$libshutdown$$00000007)
    .ARM.Collect$$libshutdown$$0000000A      0x08000210   Section        0  libshutdown2.o(.ARM.Collect$$libshutdown$$0000000A)
    .ARM.Collect$$libshutdown$$0000000C      0x08000210   Section        0  libshutdown2.o(.ARM.Collect$$libshutdown$$0000000C)
    .ARM.Collect$$libshutdown$$0000000F      0x08000210   Section        0  libshutdown2.o(.ARM.Collect$$libshutdown$$0000000F)
    .ARM.Collect$$libshutdown$$00000010      0x08000210   Section        2  libshutdown2.o(.ARM.Collect$$libshutdown$$00000010)
    .ARM.Collect$$rtentry$$00000000          0x08000212   Section        0  __rtentry.o(.ARM.Collect$$rtentry$$00000000)
    .ARM.Collect$$rtentry$$00000002          0x08000212   Section        0  __rtentry2.o(.ARM.Collect$$rtentry$$00000002)
    .ARM.Collect$$rtentry$$00000004          0x08000212   Section        6  __rtentry4.o(.ARM.Collect$$rtentry$$00000004)
    .ARM.Collect$$rtentry$$00000009          0x08000218   Section        0  __rtentry2.o(.ARM.Collect$$rtentry$$00000009)
    .ARM.Collect$$rtentry$$0000000A          0x08000218   Section        4  __rtentry2.o(.ARM.Collect$$rtentry$$0000000A)
    .ARM.Collect$$rtentry$$0000000C          0x0800021c   Section        0  __rtentry2.o(.ARM.Collect$$rtentry$$0000000C)
    .ARM.Collect$$rtentry$$0000000D          0x0800021c   Section        8  __rtentry2.o(.ARM.Collect$$rtentry$$0000000D)
    .ARM.Collect$$rtexit$$00000000           0x08000224   Section        2  rtexit.o(.ARM.Collect$$rtexit$$00000000)
    .ARM.Collect$$rtexit$$00000002           0x08000226   Section        0  rtexit2.o(.ARM.Collect$$rtexit$$00000002)
    .ARM.Collect$$rtexit$$00000003           0x08000226   Section        4  rtexit2.o(.ARM.Collect$$rtexit$$00000003)
    .ARM.Collect$$rtexit$$00000004           0x0800022a   Section        6  rtexit2.o(.ARM.Collect$$rtexit$$00000004)
    .text                                    0x08000230   Section       64  startup_stm32f40_41xxx.o(.text)
    $v0                                      0x08000230   Number         0  startup_stm32f40_41xxx.o(.text)
    .text                                    0x08000270   Section        2  use_no_semi_2.o(.text)
    .text                                    0x08000274   Section        0  noretval__2printf.o(.text)
    .text                                    0x0800028c   Section        0  __printf.o(.text)
    .text                                    0x080002f4   Section        0  _printf_dec.o(.text)
    .text                                    0x0800036c   Section      100  rt_memcpy_w.o(.text)
    .text                                    0x080003d0   Section       78  rt_memclr_w.o(.text)
    .text                                    0x0800041e   Section        0  heapauxi.o(.text)
    .text                                    0x08000424   Section        2  use_no_semi.o(.text)
    .text                                    0x08000426   Section        0  _printf_intcommon.o(.text)
    .text                                    0x080004d8   Section        0  _printf_char_file.o(.text)
    .text                                    0x080004fc   Section        0  _printf_char_common.o(.text)
    _printf_input_char                       0x080004fd   Thumb Code    10  _printf_char_common.o(.text)
    .text                                    0x0800052c   Section        0  ferror.o(.text)
    .text                                    0x08000534   Section       74  sys_stackheap_outer.o(.text)
    .text                                    0x0800057e   Section        0  exit.o(.text)
    .text                                    0x08000590   Section        8  libspace.o(.text)
    i.BusFault_Handler                       0x08000598   Section        0  stm32f4xx_it.o(i.BusFault_Handler)
    i.DebugMon_Handler                       0x0800059c   Section        0  stm32f4xx_it.o(i.DebugMon_Handler)
    i.GPIO_Init                              0x0800059e   Section        0  stm32f4xx_gpio.o(i.GPIO_Init)
    i.GPIO_PinAFConfig                       0x0800062e   Section        0  stm32f4xx_gpio.o(i.GPIO_PinAFConfig)
    i.GPIO_SetBits                           0x08000674   Section        0  stm32f4xx_gpio.o(i.GPIO_SetBits)
    i.HardFault_Handler                      0x08000678   Section        0  stm32f4xx_it.o(i.HardFault_Handler)
    i.LED_Init                               0x0800067c   Section        0  led.o(i.LED_Init)
    i.MemManage_Handler                      0x080006bc   Section        0  stm32f4xx_it.o(i.MemManage_Handler)
    i.NMI_Handler                            0x080006c0   Section        0  stm32f4xx_it.o(i.NMI_Handler)
    i.NVIC_Init                              0x080006c4   Section        0  misc.o(i.NVIC_Init)
    i.NVIC_PriorityGroupConfig               0x0800073c   Section        0  misc.o(i.NVIC_PriorityGroupConfig)
    i.PendSV_Handler                         0x08000750   Section        0  stm32f4xx_it.o(i.PendSV_Handler)
    i.RCC_AHB1PeriphClockCmd                 0x08000754   Section        0  stm32f4xx_rcc.o(i.RCC_AHB1PeriphClockCmd)
    i.RCC_APB2PeriphClockCmd                 0x08000774   Section        0  stm32f4xx_rcc.o(i.RCC_APB2PeriphClockCmd)
    i.RCC_GetClocksFreq                      0x08000794   Section        0  stm32f4xx_rcc.o(i.RCC_GetClocksFreq)
    i.SVC_Handler                            0x0800087c   Section        0  stm32f4xx_it.o(i.SVC_Handler)
    i.SetSysClock                            0x08000880   Section        0  system_stm32f4xx.o(i.SetSysClock)
    SetSysClock                              0x08000881   Thumb Code   220  system_stm32f4xx.o(i.SetSysClock)
    i.SysTick_CLKSourceConfig                0x0800096c   Section        0  misc.o(i.SysTick_CLKSourceConfig)
    i.SysTick_Handler                        0x08000994   Section        0  stm32f4xx_it.o(i.SysTick_Handler)
    i.SystemInit                             0x08000998   Section        0  system_stm32f4xx.o(i.SystemInit)
    i.USART1_IRQHandler                      0x08000a00   Section        0  mavlink_usart_fifo.o(i.USART1_IRQHandler)
    i.USART_Cmd                              0x08000a70   Section        0  stm32f4xx_usart.o(i.USART_Cmd)
    i.USART_GetITStatus                      0x08000a88   Section        0  stm32f4xx_usart.o(i.USART_GetITStatus)
    i.USART_ITConfig                         0x08000adc   Section        0  stm32f4xx_usart.o(i.USART_ITConfig)
    i.USART_Init                             0x08000b28   Section        0  stm32f4xx_usart.o(i.USART_Init)
    i.USART_ReceiveData                      0x08000bfc   Section        0  stm32f4xx_usart.o(i.USART_ReceiveData)
    i.USART_SendData                         0x08000c06   Section        0  stm32f4xx_usart.o(i.USART_SendData)
    i.UsageFault_Handler                     0x08000c0e   Section        0  stm32f4xx_it.o(i.UsageFault_Handler)
    i._mav_finalize_message_chan_send        0x08000c14   Section        0  open_tel_mavlink.o(i._mav_finalize_message_chan_send)
    _mav_finalize_message_chan_send          0x08000c15   Thumb Code   212  open_tel_mavlink.o(i._mav_finalize_message_chan_send)
    i._mavlink_send_uart                     0x08000cec   Section        0  open_tel_mavlink.o(i._mavlink_send_uart)
    _mavlink_send_uart                       0x08000ced   Thumb Code    18  open_tel_mavlink.o(i._mavlink_send_uart)
    i._sys_exit                              0x08000cfe   Section        0  usart.o(i._sys_exit)
    i.crc_accumulate                         0x08000d02   Section        0  open_tel_mavlink.o(i.crc_accumulate)
    crc_accumulate                           0x08000d03   Thumb Code    34  open_tel_mavlink.o(i.crc_accumulate)
    i.delay_init                             0x08000d24   Section        0  delay.o(i.delay_init)
    i.fifo_free                              0x08000d60   Section        0  mavlink_usart_fifo.o(i.fifo_free)
    i.fifo_init                              0x08000d82   Section        0  mavlink_usart_fifo.o(i.fifo_init)
    i.fifo_read_ch                           0x08000da4   Section        0  mavlink_usart_fifo.o(i.fifo_read_ch)
    i.fifo_used                              0x08000dd0   Section        0  mavlink_usart_fifo.o(i.fifo_used)
    i.fifo_write_ch                          0x08000df2   Section        0  mavlink_usart_fifo.o(i.fifo_write_ch)
    i.fputc                                  0x08000e20   Section        0  usart.o(i.fputc)
    i.handleMessage                          0x08000e3c   Section        0  open_tel_mavlink.o(i.handleMessage)
    i.main                                   0x08000ee4   Section        0  main.o(i.main)
    i.mavlink_frame_char_buffer              0x08000f50   Section        0  open_tel_mavlink.o(i.mavlink_frame_char_buffer)
    mavlink_frame_char_buffer                0x08000f51   Thumb Code   412  open_tel_mavlink.o(i.mavlink_frame_char_buffer)
    i.mavlink_get_channel_buffer             0x080010f0   Section        0  open_tel_mavlink.o(i.mavlink_get_channel_buffer)
    mavlink_get_channel_buffer               0x080010f1   Thumb Code    14  open_tel_mavlink.o(i.mavlink_get_channel_buffer)
    i.mavlink_get_channel_status             0x08001104   Section        0  open_tel_mavlink.o(i.mavlink_get_channel_status)
    mavlink_get_channel_status               0x08001105   Thumb Code    14  open_tel_mavlink.o(i.mavlink_get_channel_status)
    i.mavlink_parse_char                     0x08001118   Section        0  open_tel_mavlink.o(i.mavlink_parse_char)
    mavlink_parse_char                       0x08001119   Thumb Code   120  open_tel_mavlink.o(i.mavlink_parse_char)
    i.mavlink_send_message                   0x08001190   Section        0  open_tel_mavlink.o(i.mavlink_send_message)
    i.mavlink_start_checksum                 0x0800123c   Section        0  open_tel_mavlink.o(i.mavlink_start_checksum)
    mavlink_start_checksum                   0x0800123d   Thumb Code    12  open_tel_mavlink.o(i.mavlink_start_checksum)
    i.mavlink_try_send_message               0x08001248   Section        0  open_tel_mavlink.o(i.mavlink_try_send_message)
    mavlink_try_send_message                 0x08001249   Thumb Code   118  open_tel_mavlink.o(i.mavlink_try_send_message)
    i.mavlink_update_checksum                0x080012be   Section        0  open_tel_mavlink.o(i.mavlink_update_checksum)
    mavlink_update_checksum                  0x080012bf   Thumb Code    16  open_tel_mavlink.o(i.mavlink_update_checksum)
    i.send_attitude                          0x080012d0   Section        0  open_tel_mavlink.o(i.send_attitude)
    send_attitude                            0x080012d1   Thumb Code   186  open_tel_mavlink.o(i.send_attitude)
    __tagsym$$noinline                       0x080012d1   Number         0  open_tel_mavlink.o(i.send_attitude)
    i.send_heartbeat                         0x08001390   Section        0  open_tel_mavlink.o(i.send_heartbeat)
    send_heartbeat                           0x08001391   Thumb Code   126  open_tel_mavlink.o(i.send_heartbeat)
    __tagsym$$noinline                       0x08001391   Number         0  open_tel_mavlink.o(i.send_heartbeat)
    i.send_location                          0x08001414   Section        0  open_tel_mavlink.o(i.send_location)
    send_location                            0x08001415   Thumb Code   100  open_tel_mavlink.o(i.send_location)
    __tagsym$$noinline                       0x08001415   Number         0  open_tel_mavlink.o(i.send_location)
    i.send_statustext                        0x08001478   Section        0  open_tel_mavlink.o(i.send_statustext)
    send_statustext                          0x08001479   Thumb Code     2  open_tel_mavlink.o(i.send_statustext)
    __tagsym$$noinline                       0x08001479   Number         0  open_tel_mavlink.o(i.send_statustext)
    i.serial_available                       0x0800147c   Section        0  mavlink_usart_fifo.o(i.serial_available)
    i.serial_free                            0x0800148c   Section        0  mavlink_usart_fifo.o(i.serial_free)
    i.serial_read_ch                         0x0800149c   Section        0  mavlink_usart_fifo.o(i.serial_read_ch)
    i.serial_write_buf                       0x080014b0   Section        0  mavlink_usart_fifo.o(i.serial_write_buf)
    i.telemetry_delayed                      0x080014ec   Section        0  open_tel_mavlink.o(i.telemetry_delayed)
    telemetry_delayed                        0x080014ed   Thumb Code     6  open_tel_mavlink.o(i.telemetry_delayed)
    i.uart_init                              0x080014f4   Section        0  usart.o(i.uart_init)
    i.update                                 0x080015a0   Section        0  open_tel_mavlink.o(i.update)
    x$fpl$fpinit                             0x08001600   Section       10  fpinit.o(x$fpl$fpinit)
    $v0                                      0x08001600   Number         0  fpinit.o(x$fpl$fpinit)
    .constdata                               0x0800160a   Section      256  open_tel_mavlink.o(.constdata)
    mavlink_message_crcs                     0x0800160a   Data         256  open_tel_mavlink.o(.constdata)
    .conststring                             0x0800170c   Section       73  open_tel_mavlink.o(.conststring)
    .data                                    0x20000000   Section        2  main.o(.data)
    .data                                    0x20000002   Section        4  delay.o(.data)
    fac_us                                   0x20000002   Data           1  delay.o(.data)
    fac_ms                                   0x20000004   Data           2  delay.o(.data)
    .data                                    0x20000008   Section        6  usart.o(.data)
    .data                                    0x2000000e   Section       16  stm32f4xx_rcc.o(.data)
    APBAHBPrescTable                         0x2000000e   Data          16  stm32f4xx_rcc.o(.data)
    .data                                    0x2000001e   Section        3  open_tel_mavlink.o(.data)
    control_mode                             0x2000001e   Data           1  open_tel_mavlink.o(.data)
    mavlink_active                           0x20000020   Data           1  open_tel_mavlink.o(.data)
    .bss                                     0x20000024   Section      534  mavlink_usart_fifo.o(.bss)
    .bss                                     0x20000240   Section     1408  open_tel_mavlink.o(.bss)
    pending_status                           0x200002e8   Data          51  open_tel_mavlink.o(.bss)
    mavlink_queue                            0x2000031b   Data          50  open_tel_mavlink.o(.bss)
    m_mavlink_status                         0x2000034e   Data          48  open_tel_mavlink.o(.bss)
    m_mavlink_buffer                         0x20000380   Data        1088  open_tel_mavlink.o(.bss)
    .bss                                     0x200007c0   Section       96  libspace.o(.bss)
    HEAP                                     0x20000820   Section      512  startup_stm32f40_41xxx.o(HEAP)
    Heap_Mem                                 0x20000820   Data         512  startup_stm32f40_41xxx.o(HEAP)
    STACK                                    0x20000a20   Section     1024  startup_stm32f40_41xxx.o(STACK)
    Stack_Mem                                0x20000a20   Data        1024  startup_stm32f40_41xxx.o(STACK)
    __initial_sp                             0x20000e20   Data           0  startup_stm32f40_41xxx.o(STACK)

    Global Symbols

    Symbol Name                              Value     Ov Type        Size  Object(Section)

    BuildAttributes$$THM_ISAv4$E$P$D$K$B$S$7EM$VFPi3$EXTD16$VFPS$VFMA$PE$A:L22UL41UL21$X:L11$S22US41US21$IEEE1$IW$USESV6$~STKCKD$USESV7$~SHL$OSPACE$ROPI$EBA8$UX$STANDARDLIB$REQ8$PRES8$EABIv2 0x00000000   Number         0  anon$$obj.o ABSOLUTE
    __ARM_use_no_argv                        0x00000000   Number         0  main.o ABSOLUTE
    __ARM_exceptions_init                     - Undefined Weak Reference
    __alloca_initialize                       - Undefined Weak Reference
    __arm_preinit_                            - Undefined Weak Reference
    __cpp_initialize__aeabi_                  - Undefined Weak Reference
    __cxa_finalize                            - Undefined Weak Reference
    __rt_locale                               - Undefined Weak Reference
    __sigvec_lookup                           - Undefined Weak Reference
    _atexit_init                              - Undefined Weak Reference
    _call_atexit_fns                          - Undefined Weak Reference
    _clock_init                               - Undefined Weak Reference
    _fp_trap_init                             - Undefined Weak Reference
    _fp_trap_shutdown                         - Undefined Weak Reference
    _get_lc_collate                           - Undefined Weak Reference
    _get_lc_ctype                             - Undefined Weak Reference
    _get_lc_monetary                          - Undefined Weak Reference
    _get_lc_numeric                           - Undefined Weak Reference
    _get_lc_time                              - Undefined Weak Reference
    _getenv_init                              - Undefined Weak Reference
    _handle_redirection                       - Undefined Weak Reference
    _init_alloc                               - Undefined Weak Reference
    _init_user_alloc                          - Undefined Weak Reference
    _initio                                   - Undefined Weak Reference
    _mutex_acquire                            - Undefined Weak Reference
    _mutex_release                            - Undefined Weak Reference
    _printf_post_padding                      - Undefined Weak Reference
    _printf_pre_padding                       - Undefined Weak Reference
    _printf_truncate_signed                   - Undefined Weak Reference
    _printf_truncate_unsigned                 - Undefined Weak Reference
    _rand_init                                - Undefined Weak Reference
    _signal_finish                            - Undefined Weak Reference
    _signal_init                              - Undefined Weak Reference
    _terminate_alloc                          - Undefined Weak Reference
    _terminate_user_alloc                     - Undefined Weak Reference
    _terminateio                              - Undefined Weak Reference
    __Vectors_Size                           0x00000188   Number         0  startup_stm32f40_41xxx.o ABSOLUTE
    __Vectors                                0x08000000   Data           4  startup_stm32f40_41xxx.o(RESET)
    __Vectors_End                            0x08000188   Data           0  startup_stm32f40_41xxx.o(RESET)
    __main                                   0x08000189   Thumb Code     8  __main.o(!!!main)
    __scatterload                            0x08000191   Thumb Code     0  __scatter.o(!!!scatter)
    __scatterload_rt2                        0x08000191   Thumb Code    44  __scatter.o(!!!scatter)
    __scatterload_rt2_thumb_only             0x08000191   Thumb Code     0  __scatter.o(!!!scatter)
    __scatterload_null                       0x0800019f   Thumb Code     0  __scatter.o(!!!scatter)
    __scatterload_copy                       0x080001c5   Thumb Code    26  __scatter_copy.o(!!handler_copy)
    __scatterload_zeroinit                   0x080001e1   Thumb Code    28  __scatter_zi.o(!!handler_zi)
    _printf_d                                0x080001fd   Thumb Code     0  _printf_d.o(.ARM.Collect$$_printf_percent$$00000009)
    _printf_percent                          0x080001fd   Thumb Code     0  _printf_percent.o(.ARM.Collect$$_printf_percent$$00000000)
    _printf_percent_end                      0x08000203   Thumb Code     0  _printf_percent_end.o(.ARM.Collect$$_printf_percent$$00000017)
    __rt_lib_init                            0x08000207   Thumb Code     0  libinit.o(.ARM.Collect$$libinit$$00000000)
    __rt_lib_init_fp_1                       0x08000209   Thumb Code     0  libinit2.o(.ARM.Collect$$libinit$$00000001)
    __rt_lib_init_alloca_1                   0x0800020d   Thumb Code     0  libinit2.o(.ARM.Collect$$libinit$$0000002E)
    __rt_lib_init_argv_1                     0x0800020d   Thumb Code     0  libinit2.o(.ARM.Collect$$libinit$$0000002C)
    __rt_lib_init_atexit_1                   0x0800020d   Thumb Code     0  libinit2.o(.ARM.Collect$$libinit$$0000001B)
    __rt_lib_init_clock_1                    0x0800020d   Thumb Code     0  libinit2.o(.ARM.Collect$$libinit$$00000021)
    __rt_lib_init_cpp_1                      0x0800020d   Thumb Code     0  libinit2.o(.ARM.Collect$$libinit$$00000032)
    __rt_lib_init_exceptions_1               0x0800020d   Thumb Code     0  libinit2.o(.ARM.Collect$$libinit$$00000030)
    __rt_lib_init_fp_trap_1                  0x0800020d   Thumb Code     0  libinit2.o(.ARM.Collect$$libinit$$0000001F)
    __rt_lib_init_getenv_1                   0x0800020d   Thumb Code     0  libinit2.o(.ARM.Collect$$libinit$$00000023)
    __rt_lib_init_heap_1                     0x0800020d   Thumb Code     0  libinit2.o(.ARM.Collect$$libinit$$0000000A)
    __rt_lib_init_lc_collate_1               0x0800020d   Thumb Code     0  libinit2.o(.ARM.Collect$$libinit$$00000011)
    __rt_lib_init_lc_ctype_1                 0x0800020d   Thumb Code     0  libinit2.o(.ARM.Collect$$libinit$$00000013)
    __rt_lib_init_lc_monetary_1              0x0800020d   Thumb Code     0  libinit2.o(.ARM.Collect$$libinit$$00000015)
    __rt_lib_init_lc_numeric_1               0x0800020d   Thumb Code     0  libinit2.o(.ARM.Collect$$libinit$$00000017)
    __rt_lib_init_lc_time_1                  0x0800020d   Thumb Code     0  libinit2.o(.ARM.Collect$$libinit$$00000019)
    __rt_lib_init_preinit_1                  0x0800020d   Thumb Code     0  libinit2.o(.ARM.Collect$$libinit$$00000004)
    __rt_lib_init_rand_1                     0x0800020d   Thumb Code     0  libinit2.o(.ARM.Collect$$libinit$$0000000E)
    __rt_lib_init_return                     0x0800020d   Thumb Code     0  libinit2.o(.ARM.Collect$$libinit$$00000033)
    __rt_lib_init_signal_1                   0x0800020d   Thumb Code     0  libinit2.o(.ARM.Collect$$libinit$$0000001D)
    __rt_lib_init_stdio_1                    0x0800020d   Thumb Code     0  libinit2.o(.ARM.Collect$$libinit$$00000025)
    __rt_lib_init_user_alloc_1               0x0800020d   Thumb Code     0  libinit2.o(.ARM.Collect$$libinit$$0000000C)
    __rt_lib_shutdown                        0x0800020f   Thumb Code     0  libshutdown.o(.ARM.Collect$$libshutdown$$00000000)
    __rt_lib_shutdown_cpp_1                  0x08000211   Thumb Code     0  libshutdown2.o(.ARM.Collect$$libshutdown$$00000002)
    __rt_lib_shutdown_fp_trap_1              0x08000211   Thumb Code     0  libshutdown2.o(.ARM.Collect$$libshutdown$$00000007)
    __rt_lib_shutdown_heap_1                 0x08000211   Thumb Code     0  libshutdown2.o(.ARM.Collect$$libshutdown$$0000000F)
    __rt_lib_shutdown_return                 0x08000211   Thumb Code     0  libshutdown2.o(.ARM.Collect$$libshutdown$$00000010)
    __rt_lib_shutdown_signal_1               0x08000211   Thumb Code     0  libshutdown2.o(.ARM.Collect$$libshutdown$$0000000A)
    __rt_lib_shutdown_stdio_1                0x08000211   Thumb Code     0  libshutdown2.o(.ARM.Collect$$libshutdown$$00000004)
    __rt_lib_shutdown_user_alloc_1           0x08000211   Thumb Code     0  libshutdown2.o(.ARM.Collect$$libshutdown$$0000000C)
    __rt_entry                               0x08000213   Thumb Code     0  __rtentry.o(.ARM.Collect$$rtentry$$00000000)
    __rt_entry_presh_1                       0x08000213   Thumb Code     0  __rtentry2.o(.ARM.Collect$$rtentry$$00000002)
    __rt_entry_sh                            0x08000213   Thumb Code     0  __rtentry4.o(.ARM.Collect$$rtentry$$00000004)
    __rt_entry_li                            0x08000219   Thumb Code     0  __rtentry2.o(.ARM.Collect$$rtentry$$0000000A)
    __rt_entry_postsh_1                      0x08000219   Thumb Code     0  __rtentry2.o(.ARM.Collect$$rtentry$$00000009)
    __rt_entry_main                          0x0800021d   Thumb Code     0  __rtentry2.o(.ARM.Collect$$rtentry$$0000000D)
    __rt_entry_postli_1                      0x0800021d   Thumb Code     0  __rtentry2.o(.ARM.Collect$$rtentry$$0000000C)
    __rt_exit                                0x08000225   Thumb Code     0  rtexit.o(.ARM.Collect$$rtexit$$00000000)
    __rt_exit_ls                             0x08000227   Thumb Code     0  rtexit2.o(.ARM.Collect$$rtexit$$00000003)
    __rt_exit_prels_1                        0x08000227   Thumb Code     0  rtexit2.o(.ARM.Collect$$rtexit$$00000002)
    __rt_exit_exit                           0x0800022b   Thumb Code     0  rtexit2.o(.ARM.Collect$$rtexit$$00000004)
    Reset_Handler                            0x08000231   Thumb Code     8  startup_stm32f40_41xxx.o(.text)
    ADC_IRQHandler                           0x0800024b   Thumb Code     0  startup_stm32f40_41xxx.o(.text)
    CAN1_RX0_IRQHandler                      0x0800024b   Thumb Code     0  startup_stm32f40_41xxx.o(.text)
    CAN1_RX1_IRQHandler                      0x0800024b   Thumb Code     0  startup_stm32f40_41xxx.o(.text)
    CAN1_SCE_IRQHandler                      0x0800024b   Thumb Code     0  startup_stm32f40_41xxx.o(.text)
    CAN1_TX_IRQHandler                       0x0800024b   Thumb Code     0  startup_stm32f40_41xxx.o(.text)
    CAN2_RX0_IRQHandler                      0x0800024b   Thumb Code     0  startup_stm32f40_41xxx.o(.text)
    CAN2_RX1_IRQHandler                      0x0800024b   Thumb Code     0  startup_stm32f40_41xxx.o(.text)
    CAN2_SCE_IRQHandler                      0x0800024b   Thumb Code     0  startup_stm32f40_41xxx.o(.text)
    CAN2_TX_IRQHandler                       0x0800024b   Thumb Code     0  startup_stm32f40_41xxx.o(.text)
    CRYP_IRQHandler                          0x0800024b   Thumb Code     0  startup_stm32f40_41xxx.o(.text)
    DCMI_IRQHandler                          0x0800024b   Thumb Code     0  startup_stm32f40_41xxx.o(.text)
    DMA1_Stream0_IRQHandler                  0x0800024b   Thumb Code     0  startup_stm32f40_41xxx.o(.text)
    DMA1_Stream1_IRQHandler                  0x0800024b   Thumb Code     0  startup_stm32f40_41xxx.o(.text)
    DMA1_Stream2_IRQHandler                  0x0800024b   Thumb Code     0  startup_stm32f40_41xxx.o(.text)
    DMA1_Stream3_IRQHandler                  0x0800024b   Thumb Code     0  startup_stm32f40_41xxx.o(.text)
    DMA1_Stream4_IRQHandler                  0x0800024b   Thumb Code     0  startup_stm32f40_41xxx.o(.text)
    DMA1_Stream5_IRQHandler                  0x0800024b   Thumb Code     0  startup_stm32f40_41xxx.o(.text)
    DMA1_Stream6_IRQHandler                  0x0800024b   Thumb Code     0  startup_stm32f40_41xxx.o(.text)
    DMA1_Stream7_IRQHandler                  0x0800024b   Thumb Code     0  startup_stm32f40_41xxx.o(.text)
    DMA2_Stream0_IRQHandler                  0x0800024b   Thumb Code     0  startup_stm32f40_41xxx.o(.text)
    DMA2_Stream1_IRQHandler                  0x0800024b   Thumb Code     0  startup_stm32f40_41xxx.o(.text)
    DMA2_Stream2_IRQHandler                  0x0800024b   Thumb Code     0  startup_stm32f40_41xxx.o(.text)
    DMA2_Stream3_IRQHandler                  0x0800024b   Thumb Code     0  startup_stm32f40_41xxx.o(.text)
    DMA2_Stream4_IRQHandler                  0x0800024b   Thumb Code     0  startup_stm32f40_41xxx.o(.text)
    DMA2_Stream5_IRQHandler                  0x0800024b   Thumb Code     0  startup_stm32f40_41xxx.o(.text)
    DMA2_Stream6_IRQHandler                  0x0800024b   Thumb Code     0  startup_stm32f40_41xxx.o(.text)
    DMA2_Stream7_IRQHandler                  0x0800024b   Thumb Code     0  startup_stm32f40_41xxx.o(.text)
    ETH_IRQHandler                           0x0800024b   Thumb Code     0  startup_stm32f40_41xxx.o(.text)
    ETH_WKUP_IRQHandler                      0x0800024b   Thumb Code     0  startup_stm32f40_41xxx.o(.text)
    EXTI0_IRQHandler                         0x0800024b   Thumb Code     0  startup_stm32f40_41xxx.o(.text)
    EXTI15_10_IRQHandler                     0x0800024b   Thumb Code     0  startup_stm32f40_41xxx.o(.text)
    EXTI1_IRQHandler                         0x0800024b   Thumb Code     0  startup_stm32f40_41xxx.o(.text)
    EXTI2_IRQHandler                         0x0800024b   Thumb Code     0  startup_stm32f40_41xxx.o(.text)
    EXTI3_IRQHandler                         0x0800024b   Thumb Code     0  startup_stm32f40_41xxx.o(.text)
    EXTI4_IRQHandler                         0x0800024b   Thumb Code     0  startup_stm32f40_41xxx.o(.text)
    EXTI9_5_IRQHandler                       0x0800024b   Thumb Code     0  startup_stm32f40_41xxx.o(.text)
    FLASH_IRQHandler                         0x0800024b   Thumb Code     0  startup_stm32f40_41xxx.o(.text)
    FPU_IRQHandler                           0x0800024b   Thumb Code     0  startup_stm32f40_41xxx.o(.text)
    FSMC_IRQHandler                          0x0800024b   Thumb Code     0  startup_stm32f40_41xxx.o(.text)
    HASH_RNG_IRQHandler                      0x0800024b   Thumb Code     0  startup_stm32f40_41xxx.o(.text)
    I2C1_ER_IRQHandler                       0x0800024b   Thumb Code     0  startup_stm32f40_41xxx.o(.text)
    I2C1_EV_IRQHandler                       0x0800024b   Thumb Code     0  startup_stm32f40_41xxx.o(.text)
    I2C2_ER_IRQHandler                       0x0800024b   Thumb Code     0  startup_stm32f40_41xxx.o(.text)
    I2C2_EV_IRQHandler                       0x0800024b   Thumb Code     0  startup_stm32f40_41xxx.o(.text)
    I2C3_ER_IRQHandler                       0x0800024b   Thumb Code     0  startup_stm32f40_41xxx.o(.text)
    I2C3_EV_IRQHandler                       0x0800024b   Thumb Code     0  startup_stm32f40_41xxx.o(.text)
    OTG_FS_IRQHandler                        0x0800024b   Thumb Code     0  startup_stm32f40_41xxx.o(.text)
    OTG_FS_WKUP_IRQHandler                   0x0800024b   Thumb Code     0  startup_stm32f40_41xxx.o(.text)
    OTG_HS_EP1_IN_IRQHandler                 0x0800024b   Thumb Code     0  startup_stm32f40_41xxx.o(.text)
    OTG_HS_EP1_OUT_IRQHandler                0x0800024b   Thumb Code     0  startup_stm32f40_41xxx.o(.text)
    OTG_HS_IRQHandler                        0x0800024b   Thumb Code     0  startup_stm32f40_41xxx.o(.text)
    OTG_HS_WKUP_IRQHandler                   0x0800024b   Thumb Code     0  startup_stm32f40_41xxx.o(.text)
    PVD_IRQHandler                           0x0800024b   Thumb Code     0  startup_stm32f40_41xxx.o(.text)
    RCC_IRQHandler                           0x0800024b   Thumb Code     0  startup_stm32f40_41xxx.o(.text)
    RTC_Alarm_IRQHandler                     0x0800024b   Thumb Code     0  startup_stm32f40_41xxx.o(.text)
    RTC_WKUP_IRQHandler                      0x0800024b   Thumb Code     0  startup_stm32f40_41xxx.o(.text)
    SDIO_IRQHandler                          0x0800024b   Thumb Code     0  startup_stm32f40_41xxx.o(.text)
    SPI1_IRQHandler                          0x0800024b   Thumb Code     0  startup_stm32f40_41xxx.o(.text)
    SPI2_IRQHandler                          0x0800024b   Thumb Code     0  startup_stm32f40_41xxx.o(.text)
    SPI3_IRQHandler                          0x0800024b   Thumb Code     0  startup_stm32f40_41xxx.o(.text)
    TAMP_STAMP_IRQHandler                    0x0800024b   Thumb Code     0  startup_stm32f40_41xxx.o(.text)
    TIM1_BRK_TIM9_IRQHandler                 0x0800024b   Thumb Code     0  startup_stm32f40_41xxx.o(.text)
    TIM1_CC_IRQHandler                       0x0800024b   Thumb Code     0  startup_stm32f40_41xxx.o(.text)
    TIM1_TRG_COM_TIM11_IRQHandler            0x0800024b   Thumb Code     0  startup_stm32f40_41xxx.o(.text)
    TIM1_UP_TIM10_IRQHandler                 0x0800024b   Thumb Code     0  startup_stm32f40_41xxx.o(.text)
    TIM2_IRQHandler                          0x0800024b   Thumb Code     0  startup_stm32f40_41xxx.o(.text)
    TIM3_IRQHandler                          0x0800024b   Thumb Code     0  startup_stm32f40_41xxx.o(.text)
    TIM4_IRQHandler                          0x0800024b   Thumb Code     0  startup_stm32f40_41xxx.o(.text)
    TIM5_IRQHandler                          0x0800024b   Thumb Code     0  startup_stm32f40_41xxx.o(.text)
    TIM6_DAC_IRQHandler                      0x0800024b   Thumb Code     0  startup_stm32f40_41xxx.o(.text)
    TIM7_IRQHandler                          0x0800024b   Thumb Code     0  startup_stm32f40_41xxx.o(.text)
    TIM8_BRK_TIM12_IRQHandler                0x0800024b   Thumb Code     0  startup_stm32f40_41xxx.o(.text)
    TIM8_CC_IRQHandler                       0x0800024b   Thumb Code     0  startup_stm32f40_41xxx.o(.text)
    TIM8_TRG_COM_TIM14_IRQHandler            0x0800024b   Thumb Code     0  startup_stm32f40_41xxx.o(.text)
    TIM8_UP_TIM13_IRQHandler                 0x0800024b   Thumb Code     0  startup_stm32f40_41xxx.o(.text)
    UART4_IRQHandler                         0x0800024b   Thumb Code     0  startup_stm32f40_41xxx.o(.text)
    UART5_IRQHandler                         0x0800024b   Thumb Code     0  startup_stm32f40_41xxx.o(.text)
    USART2_IRQHandler                        0x0800024b   Thumb Code     0  startup_stm32f40_41xxx.o(.text)
    USART3_IRQHandler                        0x0800024b   Thumb Code     0  startup_stm32f40_41xxx.o(.text)
    USART6_IRQHandler                        0x0800024b   Thumb Code     0  startup_stm32f40_41xxx.o(.text)
    WWDG_IRQHandler                          0x0800024b   Thumb Code     0  startup_stm32f40_41xxx.o(.text)
    __user_initial_stackheap                 0x0800024d   Thumb Code     0  startup_stm32f40_41xxx.o(.text)
    __use_no_semihosting                     0x08000271   Thumb Code     2  use_no_semi_2.o(.text)
    __2printf                                0x08000275   Thumb Code    20  noretval__2printf.o(.text)
    __printf                                 0x0800028d   Thumb Code   104  __printf.o(.text)
    _printf_int_dec                          0x080002f5   Thumb Code   104  _printf_dec.o(.text)
    __aeabi_memcpy4                          0x0800036d   Thumb Code     0  rt_memcpy_w.o(.text)
    __aeabi_memcpy8                          0x0800036d   Thumb Code     0  rt_memcpy_w.o(.text)
    __rt_memcpy_w                            0x0800036d   Thumb Code   100  rt_memcpy_w.o(.text)
    _memcpy_lastbytes_aligned                0x080003b5   Thumb Code     0  rt_memcpy_w.o(.text)
    __aeabi_memclr4                          0x080003d1   Thumb Code     0  rt_memclr_w.o(.text)
    __aeabi_memclr8                          0x080003d1   Thumb Code     0  rt_memclr_w.o(.text)
    __rt_memclr_w                            0x080003d1   Thumb Code    78  rt_memclr_w.o(.text)
    _memset_w                                0x080003d5   Thumb Code     0  rt_memclr_w.o(.text)
    __use_two_region_memory                  0x0800041f   Thumb Code     2  heapauxi.o(.text)
    __rt_heap_escrow$2region                 0x08000421   Thumb Code     2  heapauxi.o(.text)
    __rt_heap_expand$2region                 0x08000423   Thumb Code     2  heapauxi.o(.text)
    __I$use$semihosting                      0x08000425   Thumb Code     0  use_no_semi.o(.text)
    __use_no_semihosting_swi                 0x08000425   Thumb Code     2  use_no_semi.o(.text)
    _printf_int_common                       0x08000427   Thumb Code   178  _printf_intcommon.o(.text)
    _printf_char_file                        0x080004d9   Thumb Code    32  _printf_char_file.o(.text)
    _printf_char_common                      0x08000507   Thumb Code    32  _printf_char_common.o(.text)
    ferror                                   0x0800052d   Thumb Code     8  ferror.o(.text)
    __user_setup_stackheap                   0x08000535   Thumb Code    74  sys_stackheap_outer.o(.text)
    exit                                     0x0800057f   Thumb Code    18  exit.o(.text)
    __user_libspace                          0x08000591   Thumb Code     8  libspace.o(.text)
    __user_perproc_libspace                  0x08000591   Thumb Code     0  libspace.o(.text)
    __user_perthread_libspace                0x08000591   Thumb Code     0  libspace.o(.text)
    BusFault_Handler                         0x08000599   Thumb Code     4  stm32f4xx_it.o(i.BusFault_Handler)
    DebugMon_Handler                         0x0800059d   Thumb Code     2  stm32f4xx_it.o(i.DebugMon_Handler)
    GPIO_Init                                0x0800059f   Thumb Code   144  stm32f4xx_gpio.o(i.GPIO_Init)
    GPIO_PinAFConfig                         0x0800062f   Thumb Code    70  stm32f4xx_gpio.o(i.GPIO_PinAFConfig)
    GPIO_SetBits                             0x08000675   Thumb Code     4  stm32f4xx_gpio.o(i.GPIO_SetBits)
    HardFault_Handler                        0x08000679   Thumb Code     4  stm32f4xx_it.o(i.HardFault_Handler)
    LED_Init                                 0x0800067d   Thumb Code    60  led.o(i.LED_Init)
    MemManage_Handler                        0x080006bd   Thumb Code     4  stm32f4xx_it.o(i.MemManage_Handler)
    NMI_Handler                              0x080006c1   Thumb Code     2  stm32f4xx_it.o(i.NMI_Handler)
    NVIC_Init                                0x080006c5   Thumb Code   106  misc.o(i.NVIC_Init)
    NVIC_PriorityGroupConfig                 0x0800073d   Thumb Code    10  misc.o(i.NVIC_PriorityGroupConfig)
    PendSV_Handler                           0x08000751   Thumb Code     2  stm32f4xx_it.o(i.PendSV_Handler)
    RCC_AHB1PeriphClockCmd                   0x08000755   Thumb Code    26  stm32f4xx_rcc.o(i.RCC_AHB1PeriphClockCmd)
    RCC_APB2PeriphClockCmd                   0x08000775   Thumb Code    26  stm32f4xx_rcc.o(i.RCC_APB2PeriphClockCmd)
    RCC_GetClocksFreq                        0x08000795   Thumb Code   214  stm32f4xx_rcc.o(i.RCC_GetClocksFreq)
    SVC_Handler                              0x0800087d   Thumb Code     2  stm32f4xx_it.o(i.SVC_Handler)
    SysTick_CLKSourceConfig                  0x0800096d   Thumb Code    40  misc.o(i.SysTick_CLKSourceConfig)
    SysTick_Handler                          0x08000995   Thumb Code     2  stm32f4xx_it.o(i.SysTick_Handler)
    SystemInit                               0x08000999   Thumb Code    88  system_stm32f4xx.o(i.SystemInit)
    USART1_IRQHandler                        0x08000a01   Thumb Code    98  mavlink_usart_fifo.o(i.USART1_IRQHandler)
    USART_Cmd                                0x08000a71   Thumb Code    24  stm32f4xx_usart.o(i.USART_Cmd)
    USART_GetITStatus                        0x08000a89   Thumb Code    84  stm32f4xx_usart.o(i.USART_GetITStatus)
    USART_ITConfig                           0x08000add   Thumb Code    74  stm32f4xx_usart.o(i.USART_ITConfig)
    USART_Init                               0x08000b29   Thumb Code   204  stm32f4xx_usart.o(i.USART_Init)
    USART_ReceiveData                        0x08000bfd   Thumb Code    10  stm32f4xx_usart.o(i.USART_ReceiveData)
    USART_SendData                           0x08000c07   Thumb Code     8  stm32f4xx_usart.o(i.USART_SendData)
    UsageFault_Handler                       0x08000c0f   Thumb Code     4  stm32f4xx_it.o(i.UsageFault_Handler)
    _sys_exit                                0x08000cff   Thumb Code     4  usart.o(i._sys_exit)
    delay_init                               0x08000d25   Thumb Code    52  delay.o(i.delay_init)
    fifo_free                                0x08000d61   Thumb Code    34  mavlink_usart_fifo.o(i.fifo_free)
    fifo_init                                0x08000d83   Thumb Code    34  mavlink_usart_fifo.o(i.fifo_init)
    fifo_read_ch                             0x08000da5   Thumb Code    44  mavlink_usart_fifo.o(i.fifo_read_ch)
    fifo_used                                0x08000dd1   Thumb Code    34  mavlink_usart_fifo.o(i.fifo_used)
    fifo_write_ch                            0x08000df3   Thumb Code    44  mavlink_usart_fifo.o(i.fifo_write_ch)
    fputc                                    0x08000e21   Thumb Code    22  usart.o(i.fputc)
    handleMessage                            0x08000e3d   Thumb Code   154  open_tel_mavlink.o(i.handleMessage)
    main                                     0x08000ee5   Thumb Code    86  main.o(i.main)
    mavlink_send_message                     0x08001191   Thumb Code   166  open_tel_mavlink.o(i.mavlink_send_message)
    serial_available                         0x0800147d   Thumb Code    10  mavlink_usart_fifo.o(i.serial_available)
    serial_free                              0x0800148d   Thumb Code    10  mavlink_usart_fifo.o(i.serial_free)
    serial_read_ch                           0x0800149d   Thumb Code    16  mavlink_usart_fifo.o(i.serial_read_ch)
    serial_write_buf                         0x080014b1   Thumb Code    52  mavlink_usart_fifo.o(i.serial_write_buf)
    uart_init                                0x080014f5   Thumb Code   164  usart.o(i.uart_init)
    update                                   0x080015a1   Thumb Code    84  open_tel_mavlink.o(i.update)
    _fp_init                                 0x08001601   Thumb Code    10  fpinit.o(x$fpl$fpinit)
    __fplib_config_fpu_vfp                   0x08001609   Thumb Code     0  fpinit.o(x$fpl$fpinit)
    __fplib_config_pureend_doubles           0x08001609   Thumb Code     0  fpinit.o(x$fpl$fpinit)
    Region$$Table$$Base                      0x08001758   Number         0  anon$$obj.o(Region$$Table)
    Region$$Table$$Limit                     0x08001778   Number         0  anon$$obj.o(Region$$Table)
    mavlink_system                           0x20000000   Data           2  main.o(.data)
    __stdout                                 0x20000008   Data           4  usart.o(.data)
    USART_RX_STA                             0x2000000c   Data           2  usart.o(.data)
    chan                                     0x2000001f   Data           1  open_tel_mavlink.o(.data)
    uart_rx_fifo                             0x20000024   Data          12  mavlink_usart_fifo.o(.bss)
    uart_tx_fifo                             0x20000030   Data          12  mavlink_usart_fifo.o(.bss)
    uart_tx_buf                              0x2000003c   Data         255  mavlink_usart_fifo.o(.bss)
    uart_rx_buf                              0x2000013b   Data         255  mavlink_usart_fifo.o(.bss)
    heartbeat                                0x20000240   Data          12  open_tel_mavlink.o(.bss)
    attitude                                 0x2000024c   Data          28  open_tel_mavlink.o(.bss)
    position                                 0x20000268   Data          28  open_tel_mavlink.o(.bss)
    buf                                      0x20000284   Data         100  open_tel_mavlink.o(.bss)
    __libspace_start                         0x200007c0   Data          96  libspace.o(.bss)
    __temporary_stack_top$libspace           0x20000820   Data           0  libspace.o(.bss)



==============================================================================

Memory Map of the image

  Image Entry point : 0x08000189

  Load Region LR_IROM1 (Base: 0x08000000, Size: 0x0000179c, Max: 0x00100000, ABSOLUTE)

    Execution Region ER_IROM1 (Exec base: 0x08000000, Load base: 0x08000000, Size: 0x00001778, Max: 0x00100000, ABSOLUTE)

    Exec Addr    Load Addr    Size         Type   Attr      Idx    E Section Name        Object

    0x08000000   0x08000000   0x00000188   Data   RO          857    RESET               startup_stm32f40_41xxx.o
    0x08000188   0x08000188   0x00000008   Code   RO         1848  * !!!main             c_w.l(__main.o)
    0x08000190   0x08000190   0x00000034   Code   RO         2016    !!!scatter          c_w.l(__scatter.o)
    0x080001c4   0x080001c4   0x0000001a   Code   RO         2018    !!handler_copy      c_w.l(__scatter_copy.o)
    0x080001de   0x080001de   0x00000002   PAD
    0x080001e0   0x080001e0   0x0000001c   Code   RO         2020    !!handler_zi        c_w.l(__scatter_zi.o)
    0x080001fc   0x080001fc   0x00000000   Code   RO         1837    .ARM.Collect$$_printf_percent$$00000000  c_w.l(_printf_percent.o)
    0x080001fc   0x080001fc   0x00000006   Code   RO         1836    .ARM.Collect$$_printf_percent$$00000009  c_w.l(_printf_d.o)
    0x08000202   0x08000202   0x00000004   Code   RO         1857    .ARM.Collect$$_printf_percent$$00000017  c_w.l(_printf_percent_end.o)
    0x08000206   0x08000206   0x00000002   Code   RO         1890    .ARM.Collect$$libinit$$00000000  c_w.l(libinit.o)
    0x08000208   0x08000208   0x00000004   Code   RO         1896    .ARM.Collect$$libinit$$00000001  c_w.l(libinit2.o)
    0x0800020c   0x0800020c   0x00000000   Code   RO         1899    .ARM.Collect$$libinit$$00000004  c_w.l(libinit2.o)
    0x0800020c   0x0800020c   0x00000000   Code   RO         1902    .ARM.Collect$$libinit$$0000000A  c_w.l(libinit2.o)
    0x0800020c   0x0800020c   0x00000000   Code   RO         1904    .ARM.Collect$$libinit$$0000000C  c_w.l(libinit2.o)
    0x0800020c   0x0800020c   0x00000000   Code   RO         1906    .ARM.Collect$$libinit$$0000000E  c_w.l(libinit2.o)
    0x0800020c   0x0800020c   0x00000000   Code   RO         1909    .ARM.Collect$$libinit$$00000011  c_w.l(libinit2.o)
    0x0800020c   0x0800020c   0x00000000   Code   RO         1911    .ARM.Collect$$libinit$$00000013  c_w.l(libinit2.o)
    0x0800020c   0x0800020c   0x00000000   Code   RO         1913    .ARM.Collect$$libinit$$00000015  c_w.l(libinit2.o)
    0x0800020c   0x0800020c   0x00000000   Code   RO         1915    .ARM.Collect$$libinit$$00000017  c_w.l(libinit2.o)
    0x0800020c   0x0800020c   0x00000000   Code   RO         1917    .ARM.Collect$$libinit$$00000019  c_w.l(libinit2.o)
    0x0800020c   0x0800020c   0x00000000   Code   RO         1919    .ARM.Collect$$libinit$$0000001B  c_w.l(libinit2.o)
    0x0800020c   0x0800020c   0x00000000   Code   RO         1921    .ARM.Collect$$libinit$$0000001D  c_w.l(libinit2.o)
    0x0800020c   0x0800020c   0x00000000   Code   RO         1923    .ARM.Collect$$libinit$$0000001F  c_w.l(libinit2.o)
    0x0800020c   0x0800020c   0x00000000   Code   RO         1925    .ARM.Collect$$libinit$$00000021  c_w.l(libinit2.o)
    0x0800020c   0x0800020c   0x00000000   Code   RO         1927    .ARM.Collect$$libinit$$00000023  c_w.l(libinit2.o)
    0x0800020c   0x0800020c   0x00000000   Code   RO         1929    .ARM.Collect$$libinit$$00000025  c_w.l(libinit2.o)
    0x0800020c   0x0800020c   0x00000000   Code   RO         1933    .ARM.Collect$$libinit$$0000002C  c_w.l(libinit2.o)
    0x0800020c   0x0800020c   0x00000000   Code   RO         1935    .ARM.Collect$$libinit$$0000002E  c_w.l(libinit2.o)
    0x0800020c   0x0800020c   0x00000000   Code   RO         1937    .ARM.Collect$$libinit$$00000030  c_w.l(libinit2.o)
    0x0800020c   0x0800020c   0x00000000   Code   RO         1939    .ARM.Collect$$libinit$$00000032  c_w.l(libinit2.o)
    0x0800020c   0x0800020c   0x00000002   Code   RO         1940    .ARM.Collect$$libinit$$00000033  c_w.l(libinit2.o)
    0x0800020e   0x0800020e   0x00000002   Code   RO         1958    .ARM.Collect$$libshutdown$$00000000  c_w.l(libshutdown.o)
    0x08000210   0x08000210   0x00000000   Code   RO         1968    .ARM.Collect$$libshutdown$$00000002  c_w.l(libshutdown2.o)
    0x08000210   0x08000210   0x00000000   Code   RO         1970    .ARM.Collect$$libshutdown$$00000004  c_w.l(libshutdown2.o)
    0x08000210   0x08000210   0x00000000   Code   RO         1973    .ARM.Collect$$libshutdown$$00000007  c_w.l(libshutdown2.o)
    0x08000210   0x08000210   0x00000000   Code   RO         1976    .ARM.Collect$$libshutdown$$0000000A  c_w.l(libshutdown2.o)
    0x08000210   0x08000210   0x00000000   Code   RO         1978    .ARM.Collect$$libshutdown$$0000000C  c_w.l(libshutdown2.o)
    0x08000210   0x08000210   0x00000000   Code   RO         1981    .ARM.Collect$$libshutdown$$0000000F  c_w.l(libshutdown2.o)
    0x08000210   0x08000210   0x00000002   Code   RO         1982    .ARM.Collect$$libshutdown$$00000010  c_w.l(libshutdown2.o)
    0x08000212   0x08000212   0x00000000   Code   RO         1852    .ARM.Collect$$rtentry$$00000000  c_w.l(__rtentry.o)
    0x08000212   0x08000212   0x00000000   Code   RO         1859    .ARM.Collect$$rtentry$$00000002  c_w.l(__rtentry2.o)
    0x08000212   0x08000212   0x00000006   Code   RO         1871    .ARM.Collect$$rtentry$$00000004  c_w.l(__rtentry4.o)
    0x08000218   0x08000218   0x00000000   Code   RO         1861    .ARM.Collect$$rtentry$$00000009  c_w.l(__rtentry2.o)
    0x08000218   0x08000218   0x00000004   Code   RO         1862    .ARM.Collect$$rtentry$$0000000A  c_w.l(__rtentry2.o)
    0x0800021c   0x0800021c   0x00000000   Code   RO         1864    .ARM.Collect$$rtentry$$0000000C  c_w.l(__rtentry2.o)
    0x0800021c   0x0800021c   0x00000008   Code   RO         1865    .ARM.Collect$$rtentry$$0000000D  c_w.l(__rtentry2.o)
    0x08000224   0x08000224   0x00000002   Code   RO         1894    .ARM.Collect$$rtexit$$00000000  c_w.l(rtexit.o)
    0x08000226   0x08000226   0x00000000   Code   RO         1942    .ARM.Collect$$rtexit$$00000002  c_w.l(rtexit2.o)
    0x08000226   0x08000226   0x00000004   Code   RO         1943    .ARM.Collect$$rtexit$$00000003  c_w.l(rtexit2.o)
    0x0800022a   0x0800022a   0x00000006   Code   RO         1944    .ARM.Collect$$rtexit$$00000004  c_w.l(rtexit2.o)
    0x08000230   0x08000230   0x00000040   Code   RO          858    .text               startup_stm32f40_41xxx.o
    0x08000270   0x08000270   0x00000002   Code   RO         1806    .text               c_w.l(use_no_semi_2.o)
    0x08000272   0x08000272   0x00000002   PAD
    0x08000274   0x08000274   0x00000018   Code   RO         1810    .text               c_w.l(noretval__2printf.o)
    0x0800028c   0x0800028c   0x00000068   Code   RO         1812    .text               c_w.l(__printf.o)
    0x080002f4   0x080002f4   0x00000078   Code   RO         1814    .text               c_w.l(_printf_dec.o)
    0x0800036c   0x0800036c   0x00000064   Code   RO         1840    .text               c_w.l(rt_memcpy_w.o)
    0x080003d0   0x080003d0   0x0000004e   Code   RO         1844    .text               c_w.l(rt_memclr_w.o)
    0x0800041e   0x0800041e   0x00000006   Code   RO         1846    .text               c_w.l(heapauxi.o)
    0x08000424   0x08000424   0x00000002   Code   RO         1850    .text               c_w.l(use_no_semi.o)
    0x08000426   0x08000426   0x000000b2   Code   RO         1853    .text               c_w.l(_printf_intcommon.o)
    0x080004d8   0x080004d8   0x00000024   Code   RO         1855    .text               c_w.l(_printf_char_file.o)
    0x080004fc   0x080004fc   0x00000030   Code   RO         1873    .text               c_w.l(_printf_char_common.o)
    0x0800052c   0x0800052c   0x00000008   Code   RO         1875    .text               c_w.l(ferror.o)
    0x08000534   0x08000534   0x0000004a   Code   RO         1879    .text               c_w.l(sys_stackheap_outer.o)
    0x0800057e   0x0800057e   0x00000012   Code   RO         1883    .text               c_w.l(exit.o)
    0x08000590   0x08000590   0x00000008   Code   RO         1891    .text               c_w.l(libspace.o)
    0x08000598   0x08000598   0x00000004   Code   RO          602    i.BusFault_Handler  stm32f4xx_it.o
    0x0800059c   0x0800059c   0x00000002   Code   RO          603    i.DebugMon_Handler  stm32f4xx_it.o
    0x0800059e   0x0800059e   0x00000090   Code   RO          909    i.GPIO_Init         stm32f4xx_gpio.o
    0x0800062e   0x0800062e   0x00000046   Code   RO          910    i.GPIO_PinAFConfig  stm32f4xx_gpio.o
    0x08000674   0x08000674   0x00000004   Code   RO          917    i.GPIO_SetBits      stm32f4xx_gpio.o
    0x08000678   0x08000678   0x00000004   Code   RO          604    i.HardFault_Handler  stm32f4xx_it.o
    0x0800067c   0x0800067c   0x00000040   Code   RO          736    i.LED_Init          led.o
    0x080006bc   0x080006bc   0x00000004   Code   RO          605    i.MemManage_Handler  stm32f4xx_it.o
    0x080006c0   0x080006c0   0x00000002   Code   RO          606    i.NMI_Handler       stm32f4xx_it.o
    0x080006c2   0x080006c2   0x00000002   PAD
    0x080006c4   0x080006c4   0x00000078   Code   RO          864    i.NVIC_Init         misc.o
    0x0800073c   0x0800073c   0x00000014   Code   RO          865    i.NVIC_PriorityGroupConfig  misc.o
    0x08000750   0x08000750   0x00000002   Code   RO          607    i.PendSV_Handler    stm32f4xx_it.o
    0x08000752   0x08000752   0x00000002   PAD
    0x08000754   0x08000754   0x00000020   Code   RO         1006    i.RCC_AHB1PeriphClockCmd  stm32f4xx_rcc.o
    0x08000774   0x08000774   0x00000020   Code   RO         1018    i.RCC_APB2PeriphClockCmd  stm32f4xx_rcc.o
    0x08000794   0x08000794   0x000000e8   Code   RO         1027    i.RCC_GetClocksFreq  stm32f4xx_rcc.o
    0x0800087c   0x0800087c   0x00000002   Code   RO          608    i.SVC_Handler       stm32f4xx_it.o
    0x0800087e   0x0800087e   0x00000002   PAD
    0x08000880   0x08000880   0x000000ec   Code   RO          699    i.SetSysClock       system_stm32f4xx.o
    0x0800096c   0x0800096c   0x00000028   Code   RO          868    i.SysTick_CLKSourceConfig  misc.o
    0x08000994   0x08000994   0x00000002   Code   RO          609    i.SysTick_Handler   stm32f4xx_it.o
    0x08000996   0x08000996   0x00000002   PAD
    0x08000998   0x08000998   0x00000068   Code   RO          701    i.SystemInit        system_stm32f4xx.o
    0x08000a00   0x08000a00   0x00000070   Code   RO         1584    i.USART1_IRQHandler  mavlink_usart_fifo.o
    0x08000a70   0x08000a70   0x00000018   Code   RO         1400    i.USART_Cmd         stm32f4xx_usart.o
    0x08000a88   0x08000a88   0x00000054   Code   RO         1404    i.USART_GetITStatus  stm32f4xx_usart.o
    0x08000adc   0x08000adc   0x0000004a   Code   RO         1406    i.USART_ITConfig    stm32f4xx_usart.o
    0x08000b26   0x08000b26   0x00000002   PAD
    0x08000b28   0x08000b28   0x000000d4   Code   RO         1407    i.USART_Init        stm32f4xx_usart.o
    0x08000bfc   0x08000bfc   0x0000000a   Code   RO         1414    i.USART_ReceiveData  stm32f4xx_usart.o
    0x08000c06   0x08000c06   0x00000008   Code   RO         1417    i.USART_SendData    stm32f4xx_usart.o
    0x08000c0e   0x08000c0e   0x00000004   Code   RO          610    i.UsageFault_Handler  stm32f4xx_it.o
    0x08000c12   0x08000c12   0x00000002   PAD
    0x08000c14   0x08000c14   0x000000d8   Code   RO         1662    i._mav_finalize_message_chan_send  open_tel_mavlink.o
    0x08000cec   0x08000cec   0x00000012   Code   RO         1663    i._mavlink_send_uart  open_tel_mavlink.o
    0x08000cfe   0x08000cfe   0x00000004   Code   RO          814    i._sys_exit         usart.o
    0x08000d02   0x08000d02   0x00000022   Code   RO         1664    i.crc_accumulate    open_tel_mavlink.o
    0x08000d24   0x08000d24   0x0000003c   Code   RO          756    i.delay_init        delay.o
    0x08000d60   0x08000d60   0x00000022   Code   RO         1585    i.fifo_free         mavlink_usart_fifo.o
    0x08000d82   0x08000d82   0x00000022   Code   RO         1586    i.fifo_init         mavlink_usart_fifo.o
    0x08000da4   0x08000da4   0x0000002c   Code   RO         1587    i.fifo_read_ch      mavlink_usart_fifo.o
    0x08000dd0   0x08000dd0   0x00000022   Code   RO         1588    i.fifo_used         mavlink_usart_fifo.o
    0x08000df2   0x08000df2   0x0000002c   Code   RO         1589    i.fifo_write_ch     mavlink_usart_fifo.o
    0x08000e1e   0x08000e1e   0x00000002   PAD
    0x08000e20   0x08000e20   0x0000001c   Code   RO          815    i.fputc             usart.o
    0x08000e3c   0x08000e3c   0x000000a8   Code   RO         1665    i.handleMessage     open_tel_mavlink.o
    0x08000ee4   0x08000ee4   0x0000006c   Code   RO            3    i.main              main.o
    0x08000f50   0x08000f50   0x000001a0   Code   RO         1667    i.mavlink_frame_char_buffer  open_tel_mavlink.o
    0x080010f0   0x080010f0   0x00000014   Code   RO         1668    i.mavlink_get_channel_buffer  open_tel_mavlink.o
    0x08001104   0x08001104   0x00000014   Code   RO         1669    i.mavlink_get_channel_status  open_tel_mavlink.o
    0x08001118   0x08001118   0x00000078   Code   RO         1670    i.mavlink_parse_char  open_tel_mavlink.o
    0x08001190   0x08001190   0x000000ac   Code   RO         1671    i.mavlink_send_message  open_tel_mavlink.o
    0x0800123c   0x0800123c   0x0000000c   Code   RO         1673    i.mavlink_start_checksum  open_tel_mavlink.o
    0x08001248   0x08001248   0x00000076   Code   RO         1674    i.mavlink_try_send_message  open_tel_mavlink.o
    0x080012be   0x080012be   0x00000010   Code   RO         1675    i.mavlink_update_checksum  open_tel_mavlink.o
    0x080012ce   0x080012ce   0x00000002   PAD
    0x080012d0   0x080012d0   0x000000c0   Code   RO         1676    i.send_attitude     open_tel_mavlink.o
    0x08001390   0x08001390   0x00000084   Code   RO         1677    i.send_heartbeat    open_tel_mavlink.o
    0x08001414   0x08001414   0x00000064   Code   RO         1678    i.send_location     open_tel_mavlink.o
    0x08001478   0x08001478   0x00000002   Code   RO         1679    i.send_statustext   open_tel_mavlink.o
    0x0800147a   0x0800147a   0x00000002   PAD
    0x0800147c   0x0800147c   0x00000010   Code   RO         1590    i.serial_available  mavlink_usart_fifo.o
    0x0800148c   0x0800148c   0x00000010   Code   RO         1591    i.serial_free       mavlink_usart_fifo.o
    0x0800149c   0x0800149c   0x00000014   Code   RO         1592    i.serial_read_ch    mavlink_usart_fifo.o
    0x080014b0   0x080014b0   0x0000003c   Code   RO         1593    i.serial_write_buf  mavlink_usart_fifo.o
    0x080014ec   0x080014ec   0x00000006   Code   RO         1680    i.telemetry_delayed  open_tel_mavlink.o
    0x080014f2   0x080014f2   0x00000002   PAD
    0x080014f4   0x080014f4   0x000000ac   Code   RO          816    i.uart_init         usart.o
    0x080015a0   0x080015a0   0x00000060   Code   RO         1681    i.update            open_tel_mavlink.o
    0x08001600   0x08001600   0x0000000a   Code   RO         1950    x$fpl$fpinit        fz_wm.l(fpinit.o)
    0x0800160a   0x0800160a   0x00000100   Data   RO         1683    .constdata          open_tel_mavlink.o
    0x0800170a   0x0800170a   0x00000002   PAD
    0x0800170c   0x0800170c   0x00000049   Data   RO         1684    .conststring        open_tel_mavlink.o
    0x08001755   0x08001755   0x00000003   PAD
    0x08001758   0x08001758   0x00000020   Data   RO         2014    Region$$Table       anon$$obj.o


    Execution Region RW_IRAM1 (Exec base: 0x20000000, Load base: 0x08001778, Size: 0x00000e20, Max: 0x00020000, ABSOLUTE)

    Exec Addr    Load Addr    Size         Type   Attr      Idx    E Section Name        Object

    0x20000000   0x08001778   0x00000002   Data   RW            4    .data               main.o
    0x20000002   0x0800177a   0x00000004   Data   RW          760    .data               delay.o
    0x20000006   0x0800177e   0x00000002   PAD
    0x20000008   0x08001780   0x00000006   Data   RW          818    .data               usart.o
    0x2000000e   0x08001786   0x00000010   Data   RW         1059    .data               stm32f4xx_rcc.o
    0x2000001e   0x08001796   0x00000003   Data   RW         1685    .data               open_tel_mavlink.o
    0x20000021   0x08001799   0x00000003   PAD
    0x20000024        -       0x00000216   Zero   RW         1594    .bss                mavlink_usart_fifo.o
    0x2000023a   0x08001799   0x00000006   PAD
    0x20000240        -       0x00000580   Zero   RW         1682    .bss                open_tel_mavlink.o
    0x200007c0        -       0x00000060   Zero   RW         1892    .bss                c_w.l(libspace.o)
    0x20000820        -       0x00000200   Zero   RW          856    HEAP                startup_stm32f40_41xxx.o
    0x20000a20        -       0x00000400   Zero   RW          855    STACK               startup_stm32f40_41xxx.o


==============================================================================

Image component sizes


      Code (inc. data)   RO Data    RW Data    ZI Data      Debug   Object Name

        60          8          0          4          0        765   delay.o
        64          4          0          0          0        539   led.o
       108         22          0          2          0     271832   main.o
       414         38          0          0        534       7480   mavlink_usart_fifo.o
       180         24          0          0          0       2221   misc.o
      1858         82        329          3       1408      29592   open_tel_mavlink.o
        64         26        392          0       1536        844   startup_stm32f40_41xxx.o
       218          0          0          0          0       2458   stm32f4xx_gpio.o
        26          0          0          0          0       4106   stm32f4xx_it.o
       296         30          0         16          0       4174   stm32f4xx_rcc.o
       412          8          0          0          0       4967   stm32f4xx_usart.o
       340         32          0          0          0       1609   system_stm32f4xx.o
       204         14          0          6          0       3784   usart.o

    ----------------------------------------------------------------------
      4264        288        758         36       3484     334371   Object Totals
         0          0         32          0          0          0   (incl. Generated)
        20          0          5          5          6          0   (incl. Padding)

    ----------------------------------------------------------------------

      Code (inc. data)   RO Data    RW Data    ZI Data      Debug   Library Member Name

         8          0          0          0          0         68   __main.o
       104          0          0          0          0         84   __printf.o
         0          0          0          0          0          0   __rtentry.o
        12          0          0          0          0          0   __rtentry2.o
         6          0          0          0          0          0   __rtentry4.o
        52          8          0          0          0          0   __scatter.o
        26          0          0          0          0          0   __scatter_copy.o
        28          0          0          0          0          0   __scatter_zi.o
        48          6          0          0          0         96   _printf_char_common.o
        36          4          0          0          0         80   _printf_char_file.o
         6          0          0          0          0          0   _printf_d.o
       120         16          0          0          0         92   _printf_dec.o
       178          0          0          0          0         88   _printf_intcommon.o
         0          0          0          0          0          0   _printf_percent.o
         4          0          0          0          0          0   _printf_percent_end.o
        18          0          0          0          0         80   exit.o
         8          0          0          0          0         68   ferror.o
         6          0          0          0          0        152   heapauxi.o
         2          0          0          0          0          0   libinit.o
         6          0          0          0          0          0   libinit2.o
         2          0          0          0          0          0   libshutdown.o
         2          0          0          0          0          0   libshutdown2.o
         8          4          0          0         96         68   libspace.o
        24          4          0          0          0         84   noretval__2printf.o
        78          0          0          0          0         80   rt_memclr_w.o
       100          0          0          0          0         80   rt_memcpy_w.o
         2          0          0          0          0          0   rtexit.o
        10          0          0          0          0          0   rtexit2.o
        74          0          0          0          0         80   sys_stackheap_outer.o
         2          0          0          0          0         68   use_no_semi.o
         2          0          0          0          0         68   use_no_semi_2.o
        10          0          0          0          0        116   fpinit.o

    ----------------------------------------------------------------------
       986         42          0          0         96       1452   Library Totals
         4          0          0          0          0          0   (incl. Padding)

    ----------------------------------------------------------------------

      Code (inc. data)   RO Data    RW Data    ZI Data      Debug   Library Name

       972         42          0          0         96       1336   c_w.l
        10          0          0          0          0        116   fz_wm.l

    ----------------------------------------------------------------------
       986         42          0          0         96       1452   Library Totals

    ----------------------------------------------------------------------

==============================================================================


      Code (inc. data)   RO Data    RW Data    ZI Data      Debug   

      5250        330        758         36       3580     329799   Grand Totals
      5250        330        758         36       3580     329799   ELF Image Totals
      5250        330        758         36          0          0   ROM Totals

==============================================================================

    Total RO  Size (Code + RO Data)                 6008 (   5.87kB)
    Total RW  Size (RW Data + ZI Data)              3616 (   3.53kB)
    Total ROM Size (Code + RO Data + RW Data)       6044 (   5.90kB)

==============================================================================

